--------- beginning of /dev/log/system
D/MountService(  305): volume state changed for /mnt/sdcard (mounted -> unmounted)
D/VoldCmdListener(  129): volume share /mnt/sdcard ums
D/Vold    (  129): Volume sdcard state changing 1 (Idle-Unmounted) -> 7 (Shared-Unmounted)
I/StorageNotification(  380): Media {/mnt/sdcard} state changed from {mounted} -> {unmounted}
D/VoldCmdListener(  129): volume shared /mnt/sdcard ums
D/MountService(  305): sendStorageIntent Intent { act=android.intent.action.MEDIA_UNMOUNTED dat=file:///mnt/sdcard (has extras) }
W/MountService(  305): Duplicate state transition (unmounted -> unmounted) for /mnt/sdcard
D/MountService(  305): sendStorageIntent Intent { act=android.intent.action.MEDIA_UNMOUNTED dat=file:///mnt/sdcard (has extras) }
D/MountService(  305): volume state changed for /mnt/sdcard (unmounted -> shared)
I/StorageNotification(  380): Media {/mnt/sdcard} state changed from {unmounted} -> {shared}
W/StorageNotification(  380): Ignoring unknown state {shared}
D/MountService(  305): sendStorageIntent Intent { act=android.intent.action.MEDIA_SHARED dat=file:///mnt/sdcard (has extras) }
I/ActivityManager(  305): START {act=android.intent.action.MAIN cat=[android.intent.category.LAUNCHER] flg=0x10200000 cmp=com.beboo.wifibackupandrestore/.MainActivity bnds=[240,681][353,813]} from pid 524
I/ActivityManager(  305): Start proc com.beboo.wifibackupandrestore for activity com.beboo.wifibackupandrestore/.MainActivity: pid=6305 uid=10104 gids={1015}
E/AndroidRuntime( 6305): FATAL EXCEPTION: AsyncTask #1
E/AndroidRuntime( 6305): java.lang.RuntimeException: An error occured while executing doInBackground()
E/AndroidRuntime( 6305): 	at android.os.AsyncTask$3.done(AsyncTask.java:278)
E/AndroidRuntime( 6305): 	at java.util.concurrent.FutureTask$Sync.innerSetException(FutureTask.java:273)
E/AndroidRuntime( 6305): 	at java.util.concurrent.FutureTask.setException(FutureTask.java:124)
E/AndroidRuntime( 6305): 	at java.util.concurrent.FutureTask$Sync.innerRun(FutureTask.java:307)
E/AndroidRuntime( 6305): 	at java.util.concurrent.FutureTask.run(FutureTask.java:137)
E/AndroidRuntime( 6305): 	at android.os.AsyncTask$SerialExecutor$1.run(AsyncTask.java:208)
E/AndroidRuntime( 6305): 	at java.util.concurrent.ThreadPoolExecutor.runWorker(ThreadPoolExecutor.java:1076)
E/AndroidRuntime( 6305): 	at java.util.concurrent.ThreadPoolExecutor$Worker.run(ThreadPoolExecutor.java:569)
E/AndroidRuntime( 6305): 	at java.lang.Thread.run(Thread.java:856)
E/AndroidRuntime( 6305): Caused by: java.lang.NullPointerException
E/AndroidRuntime( 6305): 	at java.io.File.fixSlashes(File.java:185)
E/AndroidRuntime( 6305): 	at java.io.File.<init>(File.java:134)
E/AndroidRuntime( 6305): 	at com.beboo.wifibackupandrestore.backupmanagement.WIFIConfigurationManager.loadConfigured(WIFIConfigurationManager.java:287)
E/AndroidRuntime( 6305): 	at com.beboo.wifibackupandrestore.backupmanagement.WIFIConfigurationManager.initContent(WIFIConfigurationManager.java:129)
E/AndroidRuntime( 6305): 	at com.beboo.wifibackupandrestore.backupmanagement.WIFIConfigurationManager.init(WIFIConfigurationManager.java:149)
E/AndroidRuntime( 6305): 	at com.beboo.wifibackupandrestore.InitializerTask.doInBackground(InitializerTask.java:21)
E/AndroidRuntime( 6305): 	at com.beboo.wifibackupandrestore.InitializerTask.doInBackground(InitializerTask.java:9)
E/AndroidRuntime( 6305): 	at android.os.AsyncTask$2.call(AsyncTask.java:264)
E/AndroidRuntime( 6305): 	at java.util.concurrent.FutureTask$Sync.innerRun(FutureTask.java:305)
E/AndroidRuntime( 6305): 	... 5 more
W/ActivityManager(  305):   Force finishing activity com.beboo.wifibackupandrestore/.MainActivity
W/InputManagerService(  305): Window already focused, ignoring focus gain of: com.android.internal.view.IInputMethodClient$Stub$Proxy@2c01a3f0
I/ActivityManager(  305): Process com.beboo.wifibackupandrestore (pid 6305) has died.
I/ActivityManager(  305): START {act=android.intent.action.MAIN cat=[android.intent.category.LAUNCHER] flg=0x10200000 cmp=com.beboo.wifibackupandrestore/.MainActivity bnds=[240,681][353,813]} from pid 524
I/ActivityManager(  305): Start proc com.beboo.wifibackupandrestore for activity com.beboo.wifibackupandrestore/.MainActivity: pid=6333 uid=10104 gids={1015}
E/AndroidRuntime( 6333): FATAL EXCEPTION: AsyncTask #1
E/AndroidRuntime( 6333): java.lang.RuntimeException: An error occured while executing doInBackground()
E/AndroidRuntime( 6333): 	at android.os.AsyncTask$3.done(AsyncTask.java:278)
E/AndroidRuntime( 6333): 	at java.util.concurrent.FutureTask$Sync.innerSetException(FutureTask.java:273)
E/AndroidRuntime( 6333): 	at java.util.concurrent.FutureTask.setException(FutureTask.java:124)
E/AndroidRuntime( 6333): 	at java.util.concurrent.FutureTask$Sync.innerRun(FutureTask.java:307)
E/AndroidRuntime( 6333): 	at java.util.concurrent.FutureTask.run(FutureTask.java:137)
E/AndroidRuntime( 6333): 	at android.os.AsyncTask$SerialExecutor$1.run(AsyncTask.java:208)
E/AndroidRuntime( 6333): 	at java.util.concurrent.ThreadPoolExecutor.runWorker(ThreadPoolExecutor.java:1076)
E/AndroidRuntime( 6333): 	at java.util.concurrent.ThreadPoolExecutor$Worker.run(ThreadPoolExecutor.java:569)
E/AndroidRuntime( 6333): 	at java.lang.Thread.run(Thread.java:856)
E/AndroidRuntime( 6333): Caused by: java.lang.NullPointerException
E/AndroidRuntime( 6333): 	at java.io.File.fixSlashes(File.java:185)
E/AndroidRuntime( 6333): 	at java.io.File.<init>(File.java:134)
E/AndroidRuntime( 6333): 	at com.beboo.wifibackupandrestore.backupmanagement.WIFIConfigurationManager.loadConfigured(WIFIConfigurationManager.java:287)
E/AndroidRuntime( 6333): 	at com.beboo.wifibackupandrestore.backupmanagement.WIFIConfigurationManager.initContent(WIFIConfigurationManager.java:129)
E/AndroidRuntime( 6333): 	at com.beboo.wifibackupandrestore.backupmanagement.WIFIConfigurationManager.init(WIFIConfigurationManager.java:149)
E/AndroidRuntime( 6333): 	at com.beboo.wifibackupandrestore.InitializerTask.doInBackground(InitializerTask.java:21)
E/AndroidRuntime( 6333): 	at com.beboo.wifibackupandrestore.InitializerTask.doInBackground(InitializerTask.java:9)
E/AndroidRuntime( 6333): 	at android.os.AsyncTask$2.call(AsyncTask.java:264)
E/AndroidRuntime( 6333): 	at java.util.concurrent.FutureTask$Sync.innerRun(FutureTask.java:305)
E/AndroidRuntime( 6333): 	... 5 more
W/ActivityManager(  305):   Force finishing activity com.beboo.wifibackupandrestore/.MainActivity
W/InputManagerService(  305): Window already focused, ignoring focus gain of: com.android.internal.view.IInputMethodClient$Stub$Proxy@2c3029f0
I/ActivityManager(  305): Process com.beboo.wifibackupandrestore (pid 6333) has died.
I/ActivityManager(  305): START {act=android.intent.action.MAIN cat=[android.intent.category.LAUNCHER] flg=0x10200000 cmp=com.jrummy.root.browserfree/com.jrummy.file.manager.lite.RootBrowserLite bnds=[14,417][127,549]} from pid 524
I/ActivityManager(  305): Start proc com.jrummy.root.browserfree for activity com.jrummy.root.browserfree/com.jrummy.file.manager.lite.RootBrowserLite: pid=6359 uid=10103 gids={3003, 1015}
I/ActivityManager(  305): START {act=android.intent.action.MAIN cat=[android.intent.category.HOME] flg=0x10200000 cmp=com.sonyericsson.home/.HomeActivity} from pid 305
W/InputManagerService(  305): Focus gain on non-focused client com.android.internal.view.IInputMethodClient$Stub$Proxy@2c1bb468 (uid=10103 pid=6359)
W/InputManagerService(  305): Window already focused, ignoring focus gain of: com.android.internal.view.IInputMethodClient$Stub$Proxy@2c348288
W/InputManagerService(  305): Window already focused, ignoring focus gain of: com.android.internal.view.IInputMethodClient$Stub$Proxy@2c18f948
I/ActivityManager(  305): START {act=android.intent.action.MAIN cat=[android.intent.category.LAUNCHER] flg=0x10200000 cmp=com.beboo.wifibackupandrestore/.MainActivity bnds=[240,681][353,813]} from pid 524
I/ActivityManager(  305): Start proc com.beboo.wifibackupandrestore for activity com.beboo.wifibackupandrestore/.MainActivity: pid=6404 uid=10104 gids={1015}
I/ActivityManager(  305): Process com.sonyericsson.trackid (pid 6056) has died.
E/AndroidRuntime( 6404): FATAL EXCEPTION: AsyncTask #1
E/AndroidRuntime( 6404): java.lang.RuntimeException: An error occured while executing doInBackground()
E/AndroidRuntime( 6404): 	at android.os.AsyncTask$3.done(AsyncTask.java:278)
E/AndroidRuntime( 6404): 	at java.util.concurrent.FutureTask$Sync.innerSetException(FutureTask.java:273)
E/AndroidRuntime( 6404): 	at java.util.concurrent.FutureTask.setException(FutureTask.java:124)
E/AndroidRuntime( 6404): 	at java.util.concurrent.FutureTask$Sync.innerRun(FutureTask.java:307)
E/AndroidRuntime( 6404): 	at java.util.concurrent.FutureTask.run(FutureTask.java:137)
E/AndroidRuntime( 6404): 	at android.os.AsyncTask$SerialExecutor$1.run(AsyncTask.java:208)
E/AndroidRuntime( 6404): 	at java.util.concurrent.ThreadPoolExecutor.runWorker(ThreadPoolExecutor.java:1076)
E/AndroidRuntime( 6404): 	at java.util.concurrent.ThreadPoolExecutor$Worker.run(ThreadPoolExecutor.java:569)
E/AndroidRuntime( 6404): 	at java.lang.Thread.run(Thread.java:856)
E/AndroidRuntime( 6404): Caused by: java.lang.NullPointerException
E/AndroidRuntime( 6404): 	at java.io.File.fixSlashes(File.java:185)
E/AndroidRuntime( 6404): 	at java.io.File.<init>(File.java:134)
E/AndroidRuntime( 6404): 	at com.beboo.wifibackupandrestore.backupmanagement.WIFIConfigurationManager.loadConfigured(WIFIConfigurationManager.java:287)
E/AndroidRuntime( 6404): 	at com.beboo.wifibackupandrestore.backupmanagement.WIFIConfigurationManager.initContent(WIFIConfigurationManager.java:129)
E/AndroidRuntime( 6404): 	at com.beboo.wifibackupandrestore.backupmanagement.WIFIConfigurationManager.init(WIFIConfigurationManager.java:149)
E/AndroidRuntime( 6404): 	at com.beboo.wifibackupandrestore.InitializerTask.doInBackground(InitializerTask.java:21)
E/AndroidRuntime( 6404): 	at com.beboo.wifibackupandrestore.InitializerTask.doInBackground(InitializerTask.java:9)
E/AndroidRuntime( 6404): 	at android.os.AsyncTask$2.call(AsyncTask.java:264)
E/AndroidRuntime( 6404): 	at java.util.concurrent.FutureTask$Sync.innerRun(FutureTask.java:305)
E/AndroidRuntime( 6404): 	... 5 more
W/ActivityManager(  305):   Force finishing activity com.beboo.wifibackupandrestore/.MainActivity
W/InputManagerService(  305): Window already focused, ignoring focus gain of: com.android.internal.view.IInputMethodClient$Stub$Proxy@2c1803d0
I/ActivityManager(  305): Process com.beboo.wifibackupandrestore (pid 6404) has died.
E/NotificationService(  305): Ignoring notification with icon==0: Notification(contentView=null vibrate=null,sound=null,defaults=0x0,flags=0x1)
E/NotificationService(  305): Ignoring notification with icon==0: Notification(contentView=null vibrate=null,sound=null,defaults=0x0,flags=0x1)
E/ActivityThread(  643): Failed to find provider info for org.kman.AquaMail.datax.accounts
E/NotificationService(  305): Ignoring notification with icon==0: Notification(contentView=null vibrate=null,sound=null,defaults=0x0,flags=0x1)
W/MountService(  305): Disabling UMS after cable disconnect
D/VoldCmdListener(  129): volume unshare /mnt/sdcard ums
D/Vold    (  129): Volume sdcard state changing 7 (Shared-Unmounted) -> 1 (Idle-Unmounted)
D/MountService(  305): sendStorageIntent Intent { act=android.intent.action.MEDIA_UNSHARED dat=file:///mnt/sdcard (has extras) }
D/MountService(  305): volume state changed for /mnt/sdcard (shared -> unmounted)
D/VoldCmdListener(  129): volume mount /mnt/sdcard
I/Vold    (  129): /dev/block/vold/179:1 being considered for volume sdcard
D/Vold    (  129): Volume sdcard state changing 1 (Idle-Unmounted) -> 3 (Checking)
I/StorageNotification(  380): UMS connection changed to false (media state unmounted)
D/MountService(  305): sendStorageIntent Intent { act=android.intent.action.MEDIA_UNMOUNTED dat=file:///mnt/sdcard (has extras) }
D/MountService(  305): volume state changed for /mnt/sdcard (unmounted -> checking)
I/StorageNotification(  380): Media {/mnt/sdcard} state changed from {shared} -> {unmounted}
D/MountService(  305): sendStorageIntent Intent { act=android.intent.action.MEDIA_CHECKING dat=file:///mnt/sdcard (has extras) }
I/ActivityManager(  305): Process com.google.android.apps.uploader (pid 6108) has died.
D/PhoneStatusBar(  380): disable: < expand icons alerts ticker system_info back home RECENT* clock >
D/PhoneStatusBar(  380): disable: < expand icons alerts ticker system_info BACK* HOME* RECENT CLOCK* >
I/ActivityManager(  305): Process com.moblynx.galleryics (pid 5431) has died.
I/Vold    (  129): Filesystem check completed OK
I/Vold    (  129): Device /dev/block/vold/179:1, target /mnt/sdcard mounted @ /mnt/secure/staging
D/Vold    (  129): Volume sdcard state changing 3 (Checking) -> 4 (Mounted)
D/MountService(  305): volume state changed for /mnt/sdcard (checking -> mounted)
D/MountService(  305): sendStorageIntent Intent { act=android.intent.action.MEDIA_MOUNTED dat=file:///mnt/sdcard (has extras) }
D/VoldCmdListener(  129): volume shared /mnt/sdcard ums
I/StorageNotification(  380): Media {/mnt/sdcard} state changed from {unmounted} -> {checking}
I/StorageNotification(  380): Media {/mnt/sdcard} state changed from {checking} -> {mounted}
D/VoldCmdListener(  129): asec list
D/VoldCmdListener(  129): asec path fr.bouyguestelecom.ecm.android-1
D/VoldCmdListener(  129): asec path com.gm.f1.main-1
D/VoldCmdListener(  129): asec path com.rovio.angrybirdsstarwars.ads.iap-1
D/VoldCmdListener(  129): asec path com.quoord.tapatalkxda.activity-1
D/VoldCmdListener(  129): asec path com.rovio.angrybirdsspace.ads-1
D/VoldCmdListener(  129): asec mount com.rovio.angrybirdsspace.ads-1 {} 1000
D/VoldCmdListener(  129): asec path com.rovio.angrybirdsspace.ads-1
E/NotificationService(  305): Ignoring notification with icon==0: Notification(contentView=null vibrate=null,sound=null,defaults=0x0,flags=0x1)
E/NotificationService(  305): Ignoring notification with icon==0: Notification(contentView=null vibrate=null,sound=null,defaults=0x0,flags=0x1)
I/ActivityManager(  305): Start proc com.google.android.apps.uploader for broadcast com.google.android.apps.uploader/.ConnectivityBroadcastReceiver: pid=6469 uid=10049 gids={3003}
D/VoldCmdListener(  129): asec mount com.quoord.tapatalkxda.activity-1 {} 1000
D/VoldCmdListener(  129): asec path com.quoord.tapatalkxda.activity-1
W/PackageParser(  305): No actions in intent filter at /mnt/asec/com.quoord.tapatalkxda.activity-1/pkg.apk Binary XML file line #34
W/PackageParser(  305): No actions in intent filter at /mnt/asec/com.quoord.tapatalkxda.activity-1/pkg.apk Binary XML file line #80
W/PackageParser(  305): No actions in intent filter at /mnt/asec/com.quoord.tapatalkxda.activity-1/pkg.apk Binary XML file line #98
W/PackageParser(  305): No actions in intent filter at /mnt/asec/com.quoord.tapatalkxda.activity-1/pkg.apk Binary XML file line #116
W/PackageParser(  305): No actions in intent filter at /mnt/asec/com.quoord.tapatalkxda.activity-1/pkg.apk Binary XML file line #129
W/PackageParser(  305): No actions in intent filter at /mnt/asec/com.quoord.tapatalkxda.activity-1/pkg.apk Binary XML file line #142
W/PackageParser(  305): No actions in intent filter at /mnt/asec/com.quoord.tapatalkxda.activity-1/pkg.apk Binary XML file line #154
W/PackageParser(  305): No actions in intent filter at /mnt/asec/com.quoord.tapatalkxda.activity-1/pkg.apk Binary XML file line #181
W/PackageParser(  305): No actions in intent filter at /mnt/asec/com.quoord.tapatalkxda.activity-1/pkg.apk Binary XML file line #191
W/PackageParser(  305): No actions in intent filter at /mnt/asec/com.quoord.tapatalkxda.activity-1/pkg.apk Binary XML file line #201
W/PackageParser(  305): No actions in intent filter at /mnt/asec/com.quoord.tapatalkxda.activity-1/pkg.apk Binary XML file line #218
W/PackageParser(  305): No actions in intent filter at /mnt/asec/com.quoord.tapatalkxda.activity-1/pkg.apk Binary XML file line #228
W/PackageParser(  305): No actions in intent filter at /mnt/asec/com.quoord.tapatalkxda.activity-1/pkg.apk Binary XML file line #238
W/PackageParser(  305): No actions in intent filter at /mnt/asec/com.quoord.tapatalkxda.activity-1/pkg.apk Binary XML file line #248
W/PackageParser(  305): No actions in intent filter at /mnt/asec/com.quoord.tapatalkxda.activity-1/pkg.apk Binary XML file line #258
W/PackageParser(  305): No actions in intent filter at /mnt/asec/com.quoord.tapatalkxda.activity-1/pkg.apk Binary XML file line #268
W/PackageParser(  305): No actions in intent filter at /mnt/asec/com.quoord.tapatalkxda.activity-1/pkg.apk Binary XML file line #278
W/PackageParser(  305): No actions in intent filter at /mnt/asec/com.quoord.tapatalkxda.activity-1/pkg.apk Binary XML file line #288
W/PackageParser(  305): No actions in intent filter at /mnt/asec/com.quoord.tapatalkxda.activity-1/pkg.apk Binary XML file line #298
W/PackageParser(  305): No actions in intent filter at /mnt/asec/com.quoord.tapatalkxda.activity-1/pkg.apk Binary XML file line #315
W/PackageParser(  305): No actions in intent filter at /mnt/asec/com.quoord.tapatalkxda.activity-1/pkg.apk Binary XML file line #328
W/PackageParser(  305): No actions in intent filter at /mnt/asec/com.quoord.tapatalkxda.activity-1/pkg.apk Binary XML file line #336
W/PackageParser(  305): No actions in intent filter at /mnt/asec/com.quoord.tapatalkxda.activity-1/pkg.apk Binary XML file line #344
W/PackageParser(  305): No actions in intent filter at /mnt/asec/com.quoord.tapatalkxda.activity-1/pkg.apk Binary XML file line #353
W/PackageParser(  305): No actions in intent filter at /mnt/asec/com.quoord.tapatalkxda.activity-1/pkg.apk Binary XML file line #387
W/PackageParser(  305): No actions in intent filter at /mnt/asec/com.quoord.tapatalkxda.activity-1/pkg.apk Binary XML file line #401
D/VoldCmdListener(  129): asec mount com.gm.f1.main-1 {} 1000
D/VoldCmdListener(  129): asec path com.gm.f1.main-1
I/PackageParser(  305): com.gm.f1.main: compat added android.permission.WRITE_EXTERNAL_STORAGE
D/VoldCmdListener(  129): asec mount fr.bouyguestelecom.ecm.android-1 {} 1000
D/VoldCmdListener(  129): asec path fr.bouyguestelecom.ecm.android-1
D/VoldCmdListener(  129): asec mount com.rovio.angrybirdsstarwars.ads.iap-1 {} 1000
D/VoldCmdListener(  129): asec path com.rovio.angrybirdsstarwars.ads.iap-1
W/PackageManager(  305): Not granting permission android.permission.SET_ORIENTATION to package com.aurorasoftworks.quadrant.ui.advanced (protectionLevel=2 flags=0xae44)
W/PackageManager(  305): Unknown permission android.permission.ADD_SYSTEM_SERVICE in package com.android.phone
W/PackageManager(  305): Not granting permission android.permission.FORCE_BACK to package com.gm.f1.main (protectionLevel=2 flags=0xc9e44)
W/PackageManager(  305): Unknown permission com.android.vending.billing.IBillingAccountService.BIND2 in package com.google.android.gsf.login
W/PackageManager(  305): Unknown permission com.sonyericsson.permission.CONTACTS_PICK_CONVERSATIONS_TARGET in package com.sonyericsson.conversations
W/PackageManager(  305): Unknown permission com.sonyericsson.permission.ACCESS_PROTECTED_CONTACTS in package com.sonyericsson.conversations
W/PackageManager(  305): Unknown permission com.sonyericsson.eventstream.SPLINE_PERMISSION in package com.sonyericsson.facebook.postview
W/PackageManager(  305): Not granting permission android.permission.SEND_DOWNLOAD_COMPLETED_INTENTS to package com.android.browser (protectionLevel=2 flags=0x9be45)
W/PackageManager(  305): Unknown permission com.sonyericsson.android.omacp.RECEIVE_OMA_CP in package com.android.browser
W/PackageManager(  305): Not granting permission android.permission.WRITE_APN_SETTINGS to package com.riteshsahu.APNBackupRestore (protectionLevel=3 flags=0x8be44)
W/PackageManager(  305): Unknown permission com.sonyericsson.permission.CUSTOMIZATION in package com.sonyericsson.textinput.uxp
W/PackageManager(  305): Unknown permission com.sonyericsson.android.permission.FACERECOGNITION_SERVICE in package com.sonyericsson.android.camera3d
W/PackageManager(  305): Unknown permission android.permission.STORAGE in package com.pvy.CWMinstaler
W/PackageManager(  305): Not granting permission android.permission.REBOOT to package com.pvy.CWMinstaler (protectionLevel=3 flags=0x8be44)
I/PackageManager(  305): Un-granting permission android.permission.DUMP from package com.google.android.gms (protectionLevel=3 flags=0x28be44)
W/PackageManager(  305): Unknown permission android.permission.READ_OWNER_DATA in package com.google.android.setupwizard
W/PackageManager(  305): Unknown permission android.permission.WRITE_OWNER_DATA in package com.google.android.setupwizard
W/PackageManager(  305): Not granting permission android.permission.ACCESS_DOWNLOAD_MANAGER to package fr.bouyguestelecom.ecm.android (protectionLevel=3 flags=0x4ae44)
W/PackageManager(  305): Unknown permission com.android.launcher.permission.READ_SETTINGS in package com.android.settings
W/PackageManager(  305): Unknown permission com.android.launcher.permission.WRITE_SETTINGS in package com.android.settings
W/PackageManager(  305): Unknown permission com.sonyericsson.android.permission.FACERECOGNITION_SERVICE in package com.sonyericsson.android.camera
W/PackageManager(  305): Unknown permission com.google.android.providers.gmail.permission.READ_GMAIL in package com.rageconsulting.android.lightflowlite
W/PackageManager(  305): Not granting permission com.google.android.gm.permission.READ_GMAIL to package com.rageconsulting.android.lightflowlite (protectionLevel=2 flags=0x8be46)
W/PackageManager(  305): Unknown permission android.permission.READ_CALL_LOG in package com.rageconsulting.android.lightflowlite
W/PackageManager(  305): Unknown permission android.permission.WRITE_CALL_LOG in package com.rageconsulting.android.lightflowlite
W/PackageManager(  305): Not granting permission com.google.android.gm.permission.READ_GMAIL to package com.sonyericsson.music (protectionLevel=2 flags=0x8be45)
W/PackageManager(  305): Unknown permission com.sonyericsson.permission.HANDOVER_SERVICE in package com.sonyericsson.music
W/PackageManager(  305): Unknown permission com.sonyericsson.illumination.permission.ILLUMINATION in package com.sonyericsson.music
W/PackageManager(  305): Unknown permission com.sony.walkman.database.media.permission.WRITE_MEDIA_METADATA in package com.sonyericsson.music
W/PackageManager(  305): Unknown permission com.sony.walkman.database.media.permission.ACCESS_DRM_METADATA in package com.sonyericsson.music
W/PackageManager(  305): Unknown permission com.sony.walkman.media.service.permission.ACCESS_TEMPORARY_PROVIDER in package com.sonyericsson.music
W/PackageManager(  305): Unknown permission android.permission.ACCESS_LOCATION in package com.sonyericsson.android.servicemenu
W/PackageManager(  305): Unknown permission android.permission.ACCESS_GPS in package com.sonyericsson.android.servicemenu
W/PackageManager(  305): Unknown permission android.permission.ACCESS_WAKE_LOCK in package com.sonyericsson.android.servicemenu
W/PackageManager(  305): Unknown permission com.sonyericsson.servicemenu.permission.ACCESS_SERVICE_MENU in package com.sonyericsson.android.servicemenu
W/PackageManager(  305): Unknown permission android.permission.READ_EXTERNAL_STORAGE in package com.google.android.apps.gesturesearch
W/PackageManager(  305): Unknown permission com.android.smspush.WAPPUSH_MANAGER_BIND in package com.android.email
W/PackageManager(  305): Unknown permission com.sonyericsson.android.omacp.RECEIVE_OMA_CP in package com.android.email
W/PackageManager(  305): Not granting permission com.sonyericsson.permission.INSTALL_APPLICATION to package com.sonyericsson.trackid (protectionLevel=2 flags=0x8bc44)
W/PackageManager(  305): Unknown permission com.sonyericsson.permission.USERAGENT in package com.sonyericsson.trackid
W/PackageManager(  305): Unknown permission com.sonyericsson.permission.CUSTOMIZATION in package com.sonyericsson.trackid
W/PackageManager(  305): Unknown permission com.stericsson.permission.FM_RADIO_RECEIVER in package com.sonyericsson.trackid
W/PackageManager(  305): Unknown permission android.permission.READ_OWNER_DATA in package com.beboo.wifibackupandrestore
W/PackageManager(  305): Unknown permission com.android.launcher.permission.READ_SETTINGS in package com.google.android.onetimeinitializer
W/PackageManager(  305): Unknown permission com.android.launcher.permission.WRITE_SETTINGS in package com.google.android.onetimeinitializer
W/PackageManager(  305): Unknown permission android.permission.READ_EXTERNAL_STORAGE in package com.lachainemeteo.androidapp
W/PackageManager(  305): Unknown permission com.google.android.apps.googlevoice.permission.AUTO_SEND in package com.google.android.voicesearch
W/PackageManager(  305): Unknown permission android.permission.READ_EXTERNAL_STORAGE in package mobi.infolife.appbackup
W/PackageManager(  305): Not granting permission android.permission.DEVICE_POWER to package com.sonyericsson.android.socialphonebook (protectionLevel=2 flags=0x8be45)
W/PackageManager(  305): Not granting permission android.permission.ACCESS_DRM to package com.sonyericsson.android.socialphonebook (protectionLevel=2 flags=0x8be45)
W/PackageManager(  305): Unknown permission com.android.email.permission.ACCESS_GAL_PROVIDER in package com.sonyericsson.android.socialphonebook
W/PackageManager(  305): Unknown permission com.google.android.providers.gmail.permission.READ_GMAIL in package com.mobisystems.office
W/PackageManager(  305): Unknown permission com.sonyericsson.permission.HANDOVER_SERVICE in package com.sonyericsson.video
W/PackageManager(  305): Unknown permission com.sony.walkman.media.service.permission.ACCESS_TEMPORARY_PROVIDER in package com.sonyericsson.video
W/PackageManager(  305): Unknown permission com.sony.walkman.media.service.permission.ACCESS_DRM in package com.sonyericsson.video
W/PackageManager(  305): Unknown permission com.sonyericsson.eventstream.SPLINE_PERMISSION in package com.sonyericsson.infiniteview
W/PackageManager(  305): Unknown permission com.sonyericsson.permission.CONTACTS_PICK_CONVERSATIONS_TARGET in package com.sonyericsson.infiniteview
W/PackageManager(  305): Unknown permission com.sonyericsson.permission.RENREN in package com.sonyericsson.infiniteview
W/PackageManager(  305): Not granting permission com.google.android.gm.permission.READ_GMAIL to package com.google.android.apps.uploader (protectionLevel=2 flags=0x8be45)
W/PackageManager(  305): Unknown permission com.sonyericsson.timescape.permission.TIMESCAPE_SETTINGS in package com.sonyericsson.settings
W/PackageManager(  305): Unknown permission com.sonyericsson.android.permission.SEMC_PLUGIN_ACCESS in package com.sonyericsson.solsplayer
W/PackageManager(  305): Unknown permission android.permission.READ_EXTERNAL_STORAGE in package com.android.vending
W/PackageManager(  305): Not granting permission android.permission.SEND_DOWNLOAD_COMPLETED_INTENTS to package com.android.vending (protectionLevel=2 flags=0xabe45)
W/PackageManager(  305): Unknown permission android.permission.MANAGE_USERS in package com.android.vending
W/PackageManager(  305): Unknown permission android.permission.INTERACT_ACROSS_USERS in package com.android.vending
W/PackageManager(  305): Not granting permission android.permission.DEVICE_POWER to package com.sonyericsson.organizer (protectionLevel=2 flags=0x8bc45)
W/PackageManager(  305): Unknown permission com.sonyericsson.illumination.permission.ILLUMINATION in package com.sonyericsson.organizer
W/PackageManager(  305): Unknown permission com.sony.walkman.database.media.permission.ACCESS_DRM_METADATA in package com.sonyericsson.musicvisualizer
W/PackageManager(  305): Unknown permission com.sonyericsson.permission.HANDOVER_SERVICE in package com.sonyericsson.album
W/PackageManager(  305): Unknown permission com.sonyericsson.socialengine.ACCESS_ENGINE in package com.sonyericsson.album
W/PackageManager(  305): Not granting permission android.permission.ACCESS_DRM to package com.sonyericsson.album (protectionLevel=2 flags=0x8be45)
W/PackageManager(  305): Unknown permission com.sonyericsson.illumination.permission.ILLUMINATION in package com.sonyericsson.album
W/PackageManager(  305): Unknown permission com.sonyericsson.permission.HANDOVER_SERVICE in package com.sonyericsson.dlnahandover
W/PackageManager(  305): Unknown permission com.google.android.providers.gmail.permission.READ_GMAIL in package com.hwkrbbt.downloadall
W/PackageManager(  305): Not granting permission com.google.android.gm.permission.READ_GMAIL to package com.hwkrbbt.downloadall (protectionLevel=2 flags=0x28be44)
W/PackageManager(  305): Unknown permission andriod.permission.MANAGE_USB in package com.sonyericsson.usbux
W/PackageManager(  305): Unknown permission android.permission.RAISED_THREAD_PRIORITY in package mobi.infolife.smsbackup
D/BackupManagerService(  305): Received broadcast Intent { act=android.intent.action.EXTERNAL_APPLICATIONS_AVAILABLE flg=0x10000010 (has extras) }
V/BackupManagerService(  305): addPackageParticipantsLocked: #5
I/ActivityManager(  305): Start proc com.android.calendar for broadcast com.android.calendar/.widget.CalendarAppWidgetService$CalendarFactory: pid=6511 uid=10039 gids={3003, 1015}
I/ActivityManager(  305): Start proc com.android.providers.calendar for content provider com.android.providers.calendar/.CalendarProvider2: pid=6528 uid=10068 gids={3003, 1015}
I/ActivityManager(  305): No longer want com.android.defcontainer (pid 5488): hidden #16
I/ActivityManager(  305): Start proc com.google.android.gm for service com.google.android.gm/.provider.MailSyncAdapterService: pid=6546 uid=10075 gids={3003, 1015}
E/NotificationService(  305): Ignoring notification with icon==0: Notification(contentView=null vibrate=[0,100],sound=null,defaults=0x0,flags=0x0)
I/ActivityManager(  305): Start proc android.process.acore for content provider com.android.providers.contacts/.SemcContactsProvider2: pid=6576 uid=10017 gids={3003, 1015}
I/ActivityManager(  305): No longer want ru.enacu.myreader (pid 5296): hidden #16
E/NotificationService(  305): Ignoring notification with icon==0: Notification(contentView=null vibrate=null,sound=null,defaults=0x0,flags=0x1)
I/ActivityManager(  305): No longer want com.jrummy.root.browserfree (pid 6359): hidden #16
I/WindowManager(  305): WINDOW DIED Window{2c5ae340 com.jrummy.root.browserfree/com.jrummy.file.manager.lite.RootBrowserLite paused=false}
E/NotificationService(  305): Ignoring notification with icon==0: Notification(contentView=null vibrate=null,sound=null,defaults=0x0,flags=0x1)
E/NotificationService(  305): Ignoring notification with icon==0: Notification(contentView=null vibrate=null,sound=null,defaults=0x0,flags=0x1)
E/NotificationService(  305): Ignoring notification with icon==0: Notification(contentView=null vibrate=null,sound=null,defaults=0x0,flags=0x1)
E/NotificationService(  305): Ignoring notification with icon==0: Notification(contentView=null vibrate=[0,100],sound=null,defaults=0x0,flags=0x0)
E/NotificationService(  305): Ignoring notification with icon==0: Notification(contentView=null vibrate=[0,100],sound=null,defaults=0x0,flags=0x0)
E/NotificationService(  305): Ignoring notification with icon==0: Notification(contentView=null vibrate=[0,100],sound=null,defaults=0x0,flags=0x0)
E/NotificationService(  305): Ignoring notification with icon==0: Notification(contentView=null vibrate=null,sound=null,defaults=0x0,flags=0x1)
E/NotificationService(  305): Ignoring notification with icon==0: Notification(contentView=null vibrate=[0,100],sound=null,defaults=0x0,flags=0x0)
E/NotificationService(  305): Ignoring notification with icon==0: Notification(contentView=null vibrate=[0,100],sound=null,defaults=0x0,flags=0x0)
E/NotificationService(  305): Ignoring notification with icon==0: Notification(contentView=null vibrate=null,sound=null,defaults=0x0,flags=0x1)
E/NotificationService(  305): Ignoring notification with icon==0: Notification(contentView=null vibrate=null,sound=null,defaults=0x0,flags=0x1)
E/NotificationService(  305): Ignoring notification with icon==0: Notification(contentView=null vibrate=null,sound=null,defaults=0x0,flags=0x1)
E/NotificationService(  305): Ignoring notification with icon==0: Notification(contentView=null vibrate=null,sound=null,defaults=0x0,flags=0x1)
I/ActivityManager(  305): Start proc ru.org.amip.ClockSync for broadcast ru.org.amip.ClockSync/.TimeChangeReceiver: pid=6624 uid=10079 gids={3003}
I/ActivityManager(  305): No longer want com.noshufou.android.su (pid 5404): hidden #16
E/NotificationService(  305): Ignoring notification with icon==0: Notification(contentView=null vibrate=null,sound=null,defaults=0x0,flags=0x1)
I/WindowManager(  305): Lock screen displayed!
D/PhoneStatusBar(  380): disable: < expand icons alerts ticker system_info BACK HOME recent* CLOCK >
W/InputManagerService(  305): Window already focused, ignoring focus gain of: com.android.internal.view.IInputMethodClient$Stub$Proxy@2c1aed28
D/PhoneStatusBar(  380): disable: < expand icons alerts ticker system_info back* home* recent clock* >
I/ActivityManager(  305): START {act=android.intent.action.MAIN cat=[android.intent.category.HOME] flg=0x10200000 cmp=com.sonyericsson.home/.HomeActivity} from pid 305
I/ActivityManager(  305): START {act=android.intent.action.MAIN cat=[android.intent.category.LAUNCHER] flg=0x10200000 cmp=com.google.android.gm/.ConversationListActivityGmail bnds=[288,728][384,854]} from pid 524
E/NotificationService(  305): Ignoring notification with icon==0: Notification(contentView=null vibrate=null,sound=null,defaults=0x0,flags=0x1)
E/NotificationService(  305): Ignoring notification with icon==0: Notification(contentView=null vibrate=null,sound=null,defaults=0x0,flags=0x1)
E/NotificationService(  305): Ignoring notification with icon==0: Notification(contentView=null vibrate=null,sound=null,defaults=0x0,flags=0x1)
E/NotificationService(  305): Ignoring notification with icon==0: Notification(contentView=null vibrate=null,sound=null,defaults=0x0,flags=0x1)
E/NotificationService(  305): Ignoring notification with icon==0: Notification(contentView=null vibrate=null,sound=null,defaults=0x0,flags=0x1)
D/PhoneStatusBar(  380): disable: < expand icons alerts ticker system_info back home RECENT* clock >
D/PhoneStatusBar(  380): disable: < expand icons alerts ticker system_info BACK* HOME* RECENT CLOCK* >
I/ActivityManager(  305): Start proc com.sonyericsson.trackid for broadcast com.sonyericsson.trackid/.widget.TrackIdWidgetProvider: pid=6688 uid=10090 gids={3003, 1015}
E/NotificationService(  305): Ignoring notification with icon==0: Notification(contentView=null vibrate=null,sound=null,defaults=0x0,flags=0x1)
I/WindowManager(  305): Lock screen displayed!
D/PhoneStatusBar(  380): disable: < expand icons alerts ticker system_info BACK HOME recent* CLOCK >
W/InputManagerService(  305): Window already focused, ignoring focus gain of: com.android.internal.view.IInputMethodClient$Stub$Proxy@2c60a520
D/PhoneStatusBar(  380): disable: < expand icons alerts ticker system_info back* home* recent clock* >
W/InputManagerService(  305): Starting input on non-focused client com.android.internal.view.IInputMethodClient$Stub$Proxy@2c075c40 (uid=10075 pid=6546)
I/ActivityManager(  305): No longer want com.sonyericsson.usbux (pid 4206): hidden #16
I/ActivityManager(  305): START {act=android.intent.action.MAIN cat=[android.intent.category.LAUNCHER] flg=0x10200000 cmp=com.beboo.wifibackupandrestore/.MainActivity bnds=[240,681][353,813]} from pid 524
I/ActivityManager(  305): Start proc com.beboo.wifibackupandrestore for activity com.beboo.wifibackupandrestore/.MainActivity: pid=6715 uid=10104 gids={1015}
I/ActivityManager(  305): Start proc com.noshufou.android.su for broadcast com.noshufou.android.su/.SuResultReceiver: pid=6732 uid=10020 gids={3003, 1015}
I/ActivityManager(  305): No longer want com.google.android.apps.uploader (pid 6469): hidden #16
W/InputManagerService(  305): Window already focused, ignoring focus gain of: com.android.internal.view.IInputMethodClient$Stub$Proxy@2c0fd0f8
E/NotificationService(  305): Ignoring notification with icon==0: Notification(contentView=null vibrate=null,sound=null,defaults=0x0,flags=0x1)
D/PhoneStatusBar(  380): disable: < expand icons alerts ticker system_info back home RECENT* clock >
D/PhoneStatusBar(  380): disable: < expand icons alerts ticker system_info BACK* HOME* RECENT CLOCK* >
E/NotificationService(  305): Ignoring notification with icon==0: Notification(contentView=null vibrate=null,sound=null,defaults=0x0,flags=0x1)
E/NotificationService(  305): Ignoring notification with icon==0: Notification(contentView=null vibrate=null,sound=null,defaults=0x0,flags=0x1)
E/NotificationService(  305): Ignoring notification with icon==0: Notification(contentView=null vibrate=null,sound=null,defaults=0x0,flags=0x1)
E/NotificationService(  305): Ignoring notification with icon==0: Notification(contentView=null vibrate=null,sound=null,defaults=0x0,flags=0x1)
E/NotificationService(  305): Ignoring notification with icon==0: Notification(contentView=null vibrate=null,sound=null,defaults=0x0,flags=0x1)
V/BackupManagerService(  305): Running a backup pass
V/BackupManagerService(  305): Backup requested but nothing pending
E/NotificationService(  305): Ignoring notification with icon==0: Notification(contentView=null vibrate=null,sound=null,defaults=0x0,flags=0x1)
E/NotificationService(  305): Ignoring notification with icon==0: Notification(contentView=null vibrate=null,sound=null,defaults=0x0,flags=0x1)
E/NotificationService(  305): Ignoring notification with icon==0: Notification(contentView=null vibrate=null,sound=null,defaults=0x0,flags=0x1)
E/NotificationService(  305): Ignoring notification with icon==0: Notification(contentView=null vibrate=null,sound=null,defaults=0x0,flags=0x1)
E/NotificationService(  305): Ignoring notification with icon==0: Notification(contentView=null vibrate=null,sound=null,defaults=0x0,flags=0x1)
E/NotificationService(  305): Ignoring notification with icon==0: Notification(contentView=null vibrate=null,sound=null,defaults=0x0,flags=0x1)
E/NotificationService(  305): Ignoring notification with icon==0: Notification(contentView=null vibrate=null,sound=null,defaults=0x0,flags=0x1)
E/NotificationService(  305): Ignoring notification with icon==0: Notification(contentView=null vibrate=null,sound=null,defaults=0x0,flags=0x1)
E/NotificationService(  305): Ignoring notification with icon==0: Notification(contentView=null vibrate=null,sound=null,defaults=0x0,flags=0x1)
E/NotificationService(  305): Ignoring notification with icon==0: Notification(contentView=null vibrate=null,sound=null,defaults=0x0,flags=0x1)
E/NotificationService(  305): Ignoring notification with icon==0: Notification(contentView=null vibrate=null,sound=null,defaults=0x0,flags=0x1)
E/NotificationService(  305): Ignoring notification with icon==0: Notification(contentView=null vibrate=null,sound=null,defaults=0x0,flags=0x1)
E/NotificationService(  305): Ignoring notification with icon==0: Notification(contentView=null vibrate=null,sound=null,defaults=0x0,flags=0x1)
I/WindowManager(  305): Lock screen displayed!
E/NotificationService(  305): Ignoring notification with icon==0: Notification(contentView=null vibrate=null,sound=null,defaults=0x0,flags=0x1)
E/NotificationService(  305): Ignoring notification with icon==0: Notification(contentView=null vibrate=null,sound=null,defaults=0x0,flags=0x1)
I/WindowManager(  305): Lock screen displayed!
E/NotificationService(  305): Ignoring notification with icon==0: Notification(contentView=null vibrate=null,sound=null,defaults=0x0,flags=0x1)
I/WindowManager(  305): Lock screen displayed!
E/NotificationService(  305): Ignoring notification with icon==0: Notification(contentView=null vibrate=null,sound=null,defaults=0x0,flags=0x1)
E/NotificationService(  305): Ignoring notification with icon==0: Notification(contentView=null vibrate=null,sound=null,defaults=0x0,flags=0x1)
I/WindowManager(  305): Lock screen displayed!
D/PhoneStatusBar(  380): disable: < expand icons alerts ticker system_info BACK HOME recent* CLOCK >
W/InputManagerService(  305): Window already focused, ignoring focus gain of: com.android.internal.view.IInputMethodClient$Stub$Proxy@2c4905a0
D/PhoneStatusBar(  380): disable: < expand icons alerts ticker system_info back* home* recent clock* >
I/ActivityManager(  305): START {act=android.intent.action.MAIN cat=[android.intent.category.HOME] flg=0x10200000 cmp=com.sonyericsson.home/.HomeActivity} from pid 305
E/NotificationService(  305): Ignoring notification with icon==0: Notification(contentView=null vibrate=null,sound=null,defaults=0x0,flags=0x1)
D/PhoneStatusBar(  380): disable: < expand icons alerts ticker system_info back home RECENT* clock >
D/PhoneStatusBar(  380): disable: < expand icons alerts ticker system_info BACK* HOME* RECENT CLOCK* >
I/WindowManager(  305): Lock screen displayed!
E/NotificationService(  305): Ignoring notification with icon==0: Notification(contentView=null vibrate=null,sound=null,defaults=0x0,flags=0x1)
D/PhoneStatusBar(  380): disable: < expand icons alerts ticker system_info BACK HOME recent* CLOCK >
W/InputManagerService(  305): Window already focused, ignoring focus gain of: com.android.internal.view.IInputMethodClient$Stub$Proxy@2be2df28
D/PhoneStatusBar(  380): disable: < expand icons alerts ticker system_info back* home* recent clock* >
E/NotificationService(  305): Ignoring notification with icon==0: Notification(contentView=null vibrate=null,sound=null,defaults=0x0,flags=0x1)
I/WindowManager(  305): No lock screen!
I/ActivityManager(  305): START {act=android.intent.action.MAIN cat=[android.intent.category.LAUNCHER] flg=0x10200000 cmp=com.sonyericsson.android.socialphonebook/.DialerEntryActivity bnds=[0,728][96,854]} from pid 524
I/ActivityManager(  305): Start proc com.sonyericsson.android.socialphonebook for activity com.sonyericsson.android.socialphonebook/.DialerEntryActivity: pid=6861 uid=10017 gids={3003, 1015}
I/ActivityManager(  305): Start proc com.sonyericsson.provider.voipcalllog for content provider com.sonyericsson.provider.voipcalllog/.VoIPCallLogProvider: pid=6878 uid=10010 gids={}
D/CountryDetector(  305): The first listener is added
I/ActivityManager(  305): Start proc android.process.acore for content provider com.sonyericsson.providers.cnap/.SemcCnapProvider: pid=6905 uid=10035 gids={}
E/NotificationService(  305): Ignoring notification with icon==0: Notification(contentView=null vibrate=null,sound=null,defaults=0x0,flags=0x1)
I/ActivityManager(  305): Process mobi.infolife.appbackup (pid 5445) has died.
I/ActivityManager(  305): START {act=android.intent.action.CALL_PRIVILEGED dat=tel:xxxxxxxxxx flg=0x10800000 cmp=com.android.phone/.PrivilegedOutgoingCallBroadcaster} from pid 6861
I/ActivityManager(  305): START {act=android.phone.extra.NEW_CALL_INTENT dat=tel:xxxxxxxxxx flg=0x10000000 cmp=com.android.phone/.SipCallOptionHandler (has extras)} from pid 497
I/ActivityManager(  305): START {act=android.intent.action.CALL dat=tel:xxxxxxxxxx flg=0x10000000 cmp=com.android.phone/.SemcInCallScreen (has extras)} from pid 497
I/ActivityManager(  305): No longer want com.sonyericsson.capabilities (pid 5974): hidden #16
E/NotificationService(  305): Ignoring notification with icon==0: Notification(contentView=null vibrate=null,sound=null,defaults=0x0,flags=0x1)
I/ActivityManager(  305): No longer want com.sonyericsson.android.bootinfo:remote (pid 5987): hidden #16
E/NotificationService(  305): Ignoring notification with icon==0: Notification(contentView=null vibrate=null,sound=null,defaults=0x0,flags=0x1)
E/NotificationService(  305): Ignoring notification with icon==0: Notification(contentView=null vibrate=null,sound=null,defaults=0x0,flags=0x1)
I/WindowManager(  305): No lock screen!
E/NotificationService(  305): Ignoring notification with icon==0: Notification(contentView=null vibrate=null,sound=null,defaults=0x0,flags=0x1)
W/ActivityManager(  305): finishReceiver called but no pending broadcasts
E/NotificationService(  305): Ignoring notification with icon==0: Notification(contentView=null vibrate=null,sound=null,defaults=0x0,flags=0x1)
I/ActivityManager(  305): moveTaskToBack: 46
E/NotificationService(  305): Ignoring notification with icon==0: Notification(contentView=null vibrate=null,sound=null,defaults=0x0,flags=0x1)
D/PhoneStatusBar(  380): disable: < expand icons alerts ticker system_info back home RECENT* clock >
D/PhoneStatusBar(  380): disable: < expand icons alerts ticker system_info BACK* HOME* RECENT CLOCK* >
I/WindowManager(  305): Lock screen displayed!
I/ActivityManager(  305): Process com.android.vending (pid 5320) has died.
I/ActivityManager(  305): Process com.sonyericsson.metadatacleanup (pid 6150) has died.
W/InputManagerService(  305): Focus gain on non-focused client com.android.internal.view.IInputMethodClient$Stub$Proxy@2befd788 (uid=10017 pid=6861)
E/NotificationService(  305): Ignoring notification with icon==0: Notification(contentView=null vibrate=null,sound=null,defaults=0x0,flags=0x1)
E/NotificationService(  305): Ignoring notification with icon==0: Notification(contentView=null vibrate=null,sound=null,defaults=0x0,flags=0x1)
E/NotificationService(  305): Ignoring notification with icon==0: Notification(contentView=null vibrate=null,sound=null,defaults=0x0,flags=0x1)
E/NotificationService(  305): Ignoring notification with icon==0: Notification(contentView=null vibrate=[0,100],sound=null,defaults=0x0,flags=0x0)
E/NotificationService(  305): Ignoring notification with icon==0: Notification(contentView=null vibrate=null,sound=null,defaults=0x0,flags=0x1)
E/NotificationService(  305): Ignoring notification with icon==0: Notification(contentView=null vibrate=null,sound=null,defaults=0x0,flags=0x1)
E/NotificationService(  305): Ignoring notification with icon==0: Notification(contentView=null vibrate=null,sound=null,defaults=0x0,flags=0x1)
E/NotificationService(  305): Ignoring notification with icon==0: Notification(contentView=null vibrate=[0,100],sound=null,defaults=0x0,flags=0x0)
E/NotificationService(  305): Ignoring notification with icon==0: Notification(contentView=null vibrate=null,sound=null,defaults=0x0,flags=0x1)
E/NotificationService(  305): Ignoring notification with icon==0: Notification(contentView=null vibrate=[0,100],sound=null,defaults=0x0,flags=0x0)
E/NotificationService(  305): Ignoring notification with icon==0: Notification(contentView=null vibrate=[0,100],sound=null,defaults=0x0,flags=0x0)
E/NotificationService(  305): Ignoring notification with icon==0: Notification(contentView=null vibrate=[0,100],sound=null,defaults=0x0,flags=0x0)
E/NotificationService(  305): Ignoring notification with icon==0: Notification(contentView=null vibrate=null,sound=null,defaults=0x0,flags=0x1)
E/NotificationService(  305): Ignoring notification with icon==0: Notification(contentView=null vibrate=[0,100],sound=null,defaults=0x0,flags=0x0)
E/NotificationService(  305): Ignoring notification with icon==0: Notification(contentView=null vibrate=null,sound=null,defaults=0x0,flags=0x1)
V/BackupManagerService(  305): Running a backup pass
V/BackupManagerService(  305): clearing pending backups
V/PerformBackupTask(  305): Beginning backup of 2 targets
D/PerformBackupTask(  305): processOneBackup doBackup() on @pm@
I/PerformBackupTask(  305): no backup data written; not calling transport
D/PerformBackupTask(  305): starting agent for backup of BackupRequest{pkg=com.sonyericsson.android.socialphonebook}
D/BackupManagerService(  305): awaiting agent for ApplicationInfo{2bfd02f0 com.sonyericsson.android.socialphonebook}
V/ActivityThread( 6861): handleCreateBackupAgent: CreateBackupAgentData{appInfo=ApplicationInfo{2c4bedd8 com.sonyericsson.android.socialphonebook} backupAgent=com.sonyericsson.android.socialphonebook.backup.ContactsBackupAgent mode=0}
V/ActivityThread( 6861): Initializing agent class com.sonyericsson.android.socialphonebook.backup.ContactsBackupAgent
D/BackupManagerService(  305): agentConnected pkg=com.sonyericsson.android.socialphonebook agent=android.os.BinderProxy@2be32e10
D/PerformBackupTask(  305): processOneBackup doBackup() on com.sonyericsson.android.socialphonebook
V/ActivityThread( 6861): handleDestroyBackupAgent: CreateBackupAgentData{appInfo=ApplicationInfo{2c4c96d8 com.sonyericsson.android.socialphonebook} backupAgent=com.sonyericsson.android.socialphonebook.backup.ContactsBackupAgent mode=0}
D/PerformBackupTask(  305): starting agent for backup of BackupRequest{pkg=com.android.providers.settings}
V/ActivityThread(  305): handleCreateBackupAgent: CreateBackupAgentData{appInfo=ApplicationInfo{2bf0f350 com.android.providers.settings} backupAgent=com.android.providers.settings.SettingsBackupAgent mode=0}
V/ActivityThread(  305): Initializing agent class com.android.providers.settings.SettingsBackupAgent
D/BackupManagerService(  305): awaiting agent for ApplicationInfo{2bf0f350 com.android.providers.settings}
D/BackupManagerService(  305): agentConnected pkg=com.android.providers.settings agent=android.app.backup.BackupAgent$BackupServiceBinder@2c2b8880
D/PerformBackupTask(  305): processOneBackup doBackup() on com.android.providers.settings
V/ActivityThread(  305): handleDestroyBackupAgent: CreateBackupAgentData{appInfo=ApplicationInfo{2bf0f350 com.android.providers.settings} backupAgent=com.android.providers.settings.SettingsBackupAgent mode=0}
