I/PerformBackupTask(  305): Backup pass finished.
I/WindowManager(  305): Lock screen displayed!
D/PhoneStatusBar(  380): disable: < expand icons alerts ticker system_info BACK HOME recent* CLOCK >
D/PhoneStatusBar(  380): disable: < expand icons alerts ticker system_info back* home* recent clock* >
I/ActivityManager(  305): START {act=android.intent.action.MAIN cat=[android.intent.category.HOME] flg=0x10200000 cmp=com.sonyericsson.home/.HomeActivity} from pid 305
I/ActivityManager(  305): START {act=android.intent.action.MAIN cat=[android.intent.category.LAUNCHER] flg=0x10200000 cmp=com.android.calculator2/.Calculator bnds=[0,536][120,689]} from pid 524
I/ActivityManager(  305): Start proc com.android.calculator2 for activity com.android.calculator2/.Calculator: pid=7094 uid=10069 gids={}
I/ActivityManager(  305): Process com.noshufou.android.su (pid 6732) has died.
--------- beginning of /dev/log/main
W/kernel  (  142): [34802.799133] select 6624 (.amip.ClockSync), adj 13, size 7371, to kill
W/kernel  (  142): [34802.799163] send sigkill to 6624 (.amip.ClockSync), adj 13, size 7371
I/ActivityManager(  305): Process ru.org.amip.ClockSync (pid 6624) has died.
I/AudioHardwareMSM7X30(  150): Routing audio to Speakerphone
I/AudioHardwareMSM7X30(  150): Change routing audio to speaker for xLOUD
E/kernel  (  142): [34804.610504] simple_remote_pf simple_remote_pf.0: simple_remote_pf_button_handler - Button callback not registered
D/lights  (  305): set_light_buttons: brightness=0
E/kernel  (  142): [34804.741729] simple_remote_pf simple_remote_pf.0: simple_remote_pf_button_handler - Button callback not registered
D/lights  (  305): set_light_backlight: brightness=0
I/power   (  305): *** set_screen_state 0
D/kernel  (  142): [34804.996124] request_suspend_state: sleep (0->3) at 34803050115835 (2012-11-16 12:46:34.504364051 UTC)
D/kernel  (  142): [34804.996215] as3676 0-0040: as3676_early_suspend
D/DASH - select(  305): sensors_select_callback: select canceled by request
W/kernel  (  142): [34805.112823] select 3721 (s.gesturesearch), adj 9, size 7343, to kill
W/kernel  (  142): [34805.112823] select 5352 (equicksearchbox), adj 13, size 7203, to kill
W/kernel  (  142): [34805.112854] send sigkill to 5352 (equicksearchbox), adj 13, size 7203
I/ActivityManager(  305): Process com.google.android.googlequicksearchbox (pid 5352) has died.
D/dalvikvm(  305): GC_CONCURRENT freed 1439K, 29% free 16470K/22919K, paused 3ms+9ms
V/TransportControlView(  305): Create TCV com.android.internal.widget.TransportControlView@2c55a548
D/lights  (  305): set_light_notifications: color=0xff00ff00, mode=1
E/NotificationService(  305): Ignoring notification with icon==0: Notification(contentView=null vibrate=null,sound=null,defaults=0x0,flags=0x1)
W/hdmidisplay(  305): Java_com_sonyericsson_hdmi_controlservice_HDMIDisplay_JNISetActionSafe!
W/hdmidisplay(  305): [HDMI] JNISetActionSafe() : 50
W/hdmidisplay(  305): Java_com_sonyericsson_hdmi_controlservice_HDMIDisplay_JNISetHDMIOutput!
W/hdmidisplay(  305): [HDMI] JNISetHDMIOutput() : CMD_HDMI_DTV_OFF
D/OpenGLRenderer( 6546): Flushing caches (mode 1)
D/PhoneStatusBar(  380): disable: < expand icons alerts ticker system_info back home RECENT* clock >
D/kernel  (  142): [34805.316040] mdp4_dtv_on: <ID=0 1280x720 (110,40,220), (5,5,20) 74MHz>
D/OpenGLRenderer( 6861): Flushing caches (mode 1)
I/AudioHardwareMSM7X30(  150): Routing audio to Speakerphone
I/AudioHardwareMSM7X30(  150): Change routing audio to speaker for xLOUD
W/IInputConnectionWrapper(  305): showStatusIcon on inactive InputConnection
D/OpenGLRenderer( 6715): Flushing caches (mode 2)
D/OpenGLRenderer( 6715): Flushing caches (mode 0)
D/PhoneStatusBar(  380): disable: < expand icons alerts ticker system_info BACK* HOME* RECENT CLOCK* >
I/Adreno200-EGLSUB(  133): <CreateImage:893>: Android Image
I/Adreno200-EGLSUB(  133): <GetImageAttributes:1102>: RGBA_8888
D/SurfaceFlinger(  133): About to give-up screen, flinger = 0xfc48
D/OpenGLRenderer( 6715): Flushing caches (mode 0)
I/Adreno200-EGLSUB(  133): <CreateImage:893>: Android Image
I/Adreno200-EGLSUB(  133): <GetImageAttributes:1102>: RGBA_8888
W/hdmidisplay(  305): Java_com_sonyericsson_hdmi_controlservice_HDMIDisplay_JNISetHDMIOutput!
W/hdmidisplay(  305): [HDMI] JNISetHDMIOutput() : CMD_HDMI_POWER_OFF
D/kernel  (  142): [34805.455993] mdp4_dtv_off
D/kernel  (  142): [34805.886138] active wake lock PowerManagerService
D/kernel  (  142): [34805.886169] active wake lock audpp
D/kernel  (  142): [34805.886199] active wake lock audio_pcm
D/kernel  (  142): [34805.886230] wake lock DATA5, expired
D/AudioHardwareMSM7X30(  150): AudioStreamOutMSM72xx::standby()
D/AudioHardwareMSM7X30(  150): updateDeviceInfo: E rx_device 32 and tx_device 13
D/AudioHardwareMSM7X30(  150): No active voicecall/playback, disabling cur_rx 32
D/AudioHardwareMSM7X30(  150): value of device and enable is 32 0
D/kernel  (  142): [34808.493743] [msm7x30.c:msm_device_put] device xloud_speaker_stereo_rx set 0
D/kernel  (  142): [34808.494903] msm_snddev_poweramp_off: power off amplifier
D/AudioHardwareMSM7X30(  150): No active voicecall/recording, disabling cur_tx 13
D/AudioHardwareMSM7X30(  150): value of device and enable is 13 0
D/AudioHardwareMSM7X30(  150): updateDeviceInfo: X cur_rx 32 cur_tx 13
D/kernel  (  142): [34808.498199] [adsp.c:msm_adsp_put] closing module AFETASK
D/kernel  (  142): [34808.498626] [msm7x30.c:msm_device_put] device speaker_mono_tx set 0
D/kernel  (  142): [34808.498779] [audpp.c:audpp_dsp_event] DISABLE
D/kernel  (  142): [34808.498870] [audpp.c:audpp_disable] Received CFG_MSG_DISABLE from ADSP
D/kernel  (  142): [34808.498901] [adsp.c:msm_adsp_disable] disable interrupt
D/kernel  (  142): [34808.498931] [adsp.c:msm_adsp_put] closing module AUDPPTASK
D/kernel  (  142): [34808.576690] suspend: enter suspend
I/FastDormancyManager(  305): Fast Dormant executed. ExecuteCount:126 NonExecuteCount:2137
D/kernel  (  142): [34808.576751] PM: Syncing filesystems ... done.
W/kernel  (  142): [34808.656616] Freezing user space processes ... 
D/kernel  (  142): [34808.661132] AKM8975 AKECS_GetOpenStatus returned (0)
W/kernel  (  142): [34808.694671] (elapsed 0.03 seconds) done.
W/kernel  (  142): [34808.694671] Freezing remaining freezable tasks ... (elapsed 0.00 seconds) done.
W/kernel  (  142): [34808.694976] Suspending console(s) (use no_console_suspend to debug)
V/kernel  (  142): [34808.705963] msmrtc_tod_proc_result: 11/16/2012 12:46:38 (04)
V/kernel  (  142): [34808.708953] msmrtc_tod_proc_result: 11/16/2012 12:46:38 (04)
V/kernel  (  142): [34808.711975] msmrtc_tod_proc_result: 11/16/2012 12:46:38 (04)
V/kernel  (  142): [34808.722259] msmrtc_tod_proc_result: 11/16/2012 12:46:38 (04)
D/kernel  (  142): [34808.723266] lm3560 0-0053: lm356x_suspend: Suspending LM356X driver.
D/kernel  (  142): [34808.723327] AKM8975 suspended with flag=0
D/kernel  (  142): [34808.728698] power_suspend_late return 0
D/kernel  (  142): [34808.731475] wakeup wake lock: rpcrotuer_smd_xprt
D/kernel  (  142): [34808.770812] AKM8975 resumed with flag=0
D/kernel  (  142): [34808.770874] lm3560 0-0053: lm356x_resume: Reinit lm356x chip.
D/kernel  (  142): [34808.774597] lm3560 0-0053: lm356x_resume: Resuming LM356X driver.
V/kernel  (  142): [34808.782073] msmrtc_tod_proc_result: 11/16/2012 12:47:04 (04)
V/kernel  (  142): [34808.782104] msm_rtc: Generating alarm event (src 2)
V/kernel  (  142): [34808.788604] msmrtc_tod_proc_result: 11/16/2012 12:47:04 (04)
I/AKMD2   (  147): akmd2 : Suspended.
W/kernel  (  142): [34808.790313] Restarting tasks ... done.
D/kernel  (  142): [34808.846405] suspend: exit suspend, ret = 0 (2012-11-16 12:47:04.593597413 UTC)
D/kernel  (  142): [34808.846435] active wake lock PowerManagerService
D/kernel  (  142): [34808.846435] active wake lock alarm_rtc, time left 93
D/kernel  (  142): [34808.846435] suspend: abort suspend
D/kernel  (  142): [34809.063323] device rmnet0 left promiscuous mode
D/kernel  (  142): [34809.063507] device rmnet0 entered promiscuous mode
D/kernel  (  142): [34809.136535] suspend: enter suspend
D/kernel  (  142): [34809.136566] PM: Syncing filesystems ... done.
W/kernel  (  142): [34809.216674] Freezing user space processes ... 
D/kernel  (  142): [34809.222290] AKM8975 AKECS_GetOpenStatus returned (0)
W/kernel  (  142): [34809.253601] (elapsed 0.03 seconds) done.
W/kernel  (  142): [34809.253601] Freezing remaining freezable tasks ... (elapsed 0.00 seconds) done.
W/kernel  (  142): [34809.253906] Suspending console(s) (use no_console_suspend to debug)
V/kernel  (  142): [34809.255645] msmrtc_tod_proc_result: 11/16/2012 12:47:05 (04)
V/kernel  (  142): [34809.256256] msmrtc_tod_proc_result: 11/16/2012 12:47:05 (04)
E/kernel  (  142): [34809.256286] pm_op(): platform_pm_suspend+0x0/0x54 returns -16
E/kernel  (  142): [34809.256317] PM: Device alarm failed to suspend: error -16
E/kernel  (  142): [34809.256317] PM: Some devices failed to suspend
I/AKMD2   (  147): akmd2 : Suspended.
W/kernel  (  142): [34809.256958] Restarting tasks ... done.
D/kernel  (  142): [34809.263549] suspend: exit suspend, ret = -16 (2012-11-16 12:47:05.010742195 UTC)
D/kernel  (  142): [34809.263580] active wake lock alarm_rtc, time left 200
D/kernel  (  142): [34809.263580] suspend: abort suspend
D/kernel  (  142): [34810.156738] suspend: enter suspend
D/kernel  (  142): [34810.156799] PM: Syncing filesystems ... done.
W/kernel  (  142): [34810.236419] Freezing user space processes ... 
D/kernel  (  142): [34810.243957] AKM8975 AKECS_GetOpenStatus returned (0)
W/kernel  (  142): [34810.263397] (elapsed 0.02 seconds) done.
W/kernel  (  142): [34810.263397] Freezing remaining freezable tasks ... (elapsed 0.00 seconds) done.
W/kernel  (  142): [34810.263702] Suspending console(s) (use no_console_suspend to debug)
V/kernel  (  142): [34810.277221] msmrtc_tod_proc_result: 11/16/2012 12:47:06 (04)
V/kernel  (  142): [34810.280822] msmrtc_tod_proc_result: 11/16/2012 12:47:06 (04)
E/kernel  (  142): [34810.280883] pm_op(): platform_pm_suspend+0x0/0x54 returns -16
E/kernel  (  142): [34810.280883] PM: Device alarm failed to suspend: error -16
E/kernel  (  142): [34810.280883] PM: Some devices failed to suspend
I/AKMD2   (  147): akmd2 : Suspended.
W/kernel  (  142): [34810.281585] Restarting tasks ... done.
D/kernel  (  142): [34810.296203] suspend: exit suspend, ret = -16 (2012-11-16 12:47:06.043395999 UTC)
D/kernel  (  142): [34810.296234] active wake lock alarm_rtc, time left 198
D/kernel  (  142): [34810.296234] suspend: abort suspend
D/kernel  (  142): [34811.166534] suspend: enter suspend
D/kernel  (  142): [34811.166595] PM: Syncing filesystems ... done.
W/kernel  (  142): [34811.246704] Freezing user space processes ... 
D/kernel  (  142): [34811.252380] AKM8975 AKECS_GetOpenStatus returned (0)
W/kernel  (  142): [34811.277862] (elapsed 0.03 seconds) done.
W/kernel  (  142): [34811.277893] Freezing remaining freezable tasks ... (elapsed 0.00 seconds) done.
W/kernel  (  142): [34811.278198] Suspending console(s) (use no_console_suspend to debug)
V/kernel  (  142): [34811.287841] msmrtc_tod_proc_result: 11/16/2012 12:47:07 (04)
V/kernel  (  142): [34811.290374] msmrtc_tod_proc_result: 11/16/2012 12:47:07 (04)
E/kernel  (  142): [34811.290405] pm_op(): platform_pm_suspend+0x0/0x54 returns -16
E/kernel  (  142): [34811.290435] PM: Device alarm failed to suspend: error -16
E/kernel  (  142): [34811.290435] PM: Some devices failed to suspend
I/AKMD2   (  147): akmd2 : Suspended.
W/kernel  (  142): [34811.291076] Restarting tasks ... done.
D/kernel  (  142): [34811.295928] suspend: exit suspend, ret = -16 (2012-11-16 12:47:07.043121339 UTC)
D/kernel  (  142): [34811.295959] active wake lock alarm_rtc, time left 200
D/kernel  (  142): [34811.295959] suspend: abort suspend
D/kernel  (  142): [34812.166595] suspend: enter suspend
D/kernel  (  142): [34812.166625] PM: Syncing filesystems ... done.
W/kernel  (  142): [34812.246704] Freezing user space processes ... 
D/kernel  (  142): [34812.252410] AKM8975 AKECS_GetOpenStatus returned (0)
W/kernel  (  142): [34812.280273] (elapsed 0.03 seconds) done.
W/kernel  (  142): [34812.280303] Freezing remaining freezable tasks ... (elapsed 0.00 seconds) done.
W/kernel  (  142): [34812.280609] Suspending console(s) (use no_console_suspend to debug)
V/kernel  (  142): [34812.289123] msmrtc_tod_proc_result: 11/16/2012 12:47:08 (04)
V/kernel  (  142): [34812.291839] msmrtc_tod_proc_result: 11/16/2012 12:47:08 (04)
E/kernel  (  142): [34812.291870] pm_op(): platform_pm_suspend+0x0/0x54 returns -16
E/kernel  (  142): [34812.291900] PM: Device alarm failed to suspend: error -16
E/kernel  (  142): [34812.291900] PM: Some devices failed to suspend
I/AKMD2   (  147): akmd2 : Suspended.
W/kernel  (  142): [34812.292541] Restarting tasks ... done.
D/kernel  (  142): [34812.297882] suspend: exit suspend, ret = -16 (2012-11-16 12:47:08.045043948 UTC)
D/kernel  (  142): [34812.297882] active wake lock alarm_rtc, time left 199
D/kernel  (  142): [34812.297912] suspend: abort suspend
D/kernel  (  142): [34813.176544] suspend: enter suspend
D/kernel  (  142): [34813.176574] PM: Syncing filesystems ... done.
W/kernel  (  142): [34813.256683] Freezing user space processes ... 
D/kernel  (  142): [34813.262390] AKM8975 AKECS_GetOpenStatus returned (0)
W/kernel  (  142): [34813.295257] (elapsed 0.03 seconds) done.
W/kernel  (  142): [34813.295257] Freezing remaining freezable tasks ... (elapsed 0.00 seconds) done.
W/kernel  (  142): [34813.295562] Suspending console(s) (use no_console_suspend to debug)
V/kernel  (  142): [34813.303680] msmrtc_tod_proc_result: 11/16/2012 12:47:09 (04)
V/kernel  (  142): [34813.306884] msmrtc_tod_proc_result: 11/16/2012 12:47:09 (04)
E/kernel  (  142): [34813.306915] pm_op(): platform_pm_suspend+0x0/0x54 returns -16
E/kernel  (  142): [34813.306945] PM: Device alarm failed to suspend: error -16
E/kernel  (  142): [34813.306945] PM: Some devices failed to suspend
I/AKMD2   (  147): akmd2 : Suspended.
W/kernel  (  142): [34813.307586] Restarting tasks ... done.
D/kernel  (  142): [34813.312591] suspend: exit suspend, ret = -16 (2012-11-16 12:47:09.059783936 UTC)
D/kernel  (  142): [34813.312622] active wake lock alarm_rtc, time left 200
D/kernel  (  142): [34813.312622] suspend: abort suspend
D/kernel  (  142): [34814.186553] suspend: enter suspend
D/kernel  (  142): [34814.186614] PM: Syncing filesystems ... done.
W/kernel  (  142): [34814.266662] Freezing user space processes ... 
D/kernel  (  142): [34814.272430] AKM8975 AKECS_GetOpenStatus returned (0)
W/kernel  (  142): [34814.297607] (elapsed 0.03 seconds) done.
W/kernel  (  142): [34814.297607] Freezing remaining freezable tasks ... (elapsed 0.00 seconds) done.
W/kernel  (  142): [34814.297912] Suspending console(s) (use no_console_suspend to debug)
V/kernel  (  142): [34814.306671] msmrtc_tod_proc_result: 11/16/2012 12:47:10 (04)
V/kernel  (  142): [34814.309234] msmrtc_tod_proc_result: 11/16/2012 12:47:10 (04)
E/kernel  (  142): [34814.309265] pm_op(): platform_pm_suspend+0x0/0x54 returns -16
E/kernel  (  142): [34814.309295] PM: Device alarm failed to suspend: error -16
E/kernel  (  142): [34814.309295] PM: Some devices failed to suspend
I/AKMD2   (  147): akmd2 : Suspended.
W/kernel  (  142): [34814.309936] Restarting tasks ... done.
D/kernel  (  142): [34814.315002] suspend: exit suspend, ret = -16 (2012-11-16 12:47:10.062194821 UTC)
D/kernel  (  142): [34814.315032] active wake lock alarm_rtc, time left 200
D/kernel  (  142): [34814.315032] suspend: abort suspend
I/FastDormancyManager(  305): Fast Dormant executed. ExecuteCount:127 NonExecuteCount:2139
D/kernel  (  142): [34815.196533] suspend: enter suspend
I/AKMD2   (  147): akmd2 : Suspended.
D/kernel  (  142): [34815.196563] PM: Syncing filesystems ... done.
W/kernel  (  142): [34815.276702] Freezing user space processes ... 
D/kernel  (  142): [34815.282348] AKM8975 AKECS_GetOpenStatus returned (0)
W/kernel  (  142): [34815.314300] (elapsed 0.03 seconds) done.
W/kernel  (  142): [34815.314331] Freezing remaining freezable tasks ... (elapsed 0.00 seconds) done.
W/kernel  (  142): [34815.314636] Suspending console(s) (use no_console_suspend to debug)
V/kernel  (  142): [34815.324127] msmrtc_tod_proc_result: 11/16/2012 12:47:11 (04)
V/kernel  (  142): [34815.327148] msmrtc_tod_proc_result: 11/16/2012 12:47:11 (04)
V/kernel  (  142): [34815.329528] msmrtc_tod_proc_result: 11/16/2012 12:47:11 (04)
V/kernel  (  142): [34815.338409] msmrtc_tod_proc_result: 11/16/2012 12:47:11 (04)
D/kernel  (  142): [34815.339416] lm3560 0-0053: lm356x_suspend: Suspending LM356X driver.
D/kernel  (  142): [34815.339477] AKM8975 suspended with flag=0
D/kernel  (  142): [34815.342987] power_suspend_late return 0
D/kernel  (  142): [34815.345825] wakeup wake lock: rpcrotuer_smd_xprt
D/kernel  (  142): [34815.381378] AKM8975 resumed with flag=0
D/kernel  (  142): [34815.381408] lm3560 0-0053: lm356x_resume: Reinit lm356x chip.
D/kernel  (  142): [34815.384918] lm3560 0-0053: lm356x_resume: Resuming LM356X driver.
V/kernel  (  142): [34815.395263] msmrtc_tod_proc_result: 11/16/2012 12:48:23 (04)
V/kernel  (  142): [34815.395294] msm_rtc: Generating alarm event (src 2)
V/kernel  (  142): [34815.408813] msmrtc_tod_proc_result: 11/16/2012 12:48:23 (04)
W/kernel  (  142): [34815.410064] Restarting tasks ... done.
D/kernel  (  142): [34815.467712] suspend: exit suspend, ret = 0 (2012-11-16 12:48:23.594665528 UTC)
D/kernel  (  142): [34815.467712] active wake lock PowerManagerService
D/kernel  (  142): [34815.467712] suspend: abort suspend
E/NotificationService(  305): Ignoring notification with icon==0: Notification(contentView=null vibrate=null,sound=null,defaults=0x0,flags=0x1)
D/kernel  (  142): [34815.576568] suspend: enter suspend
D/kernel  (  142): [34815.576599] PM: Syncing filesystems ... done.
W/kernel  (  142): [34815.656707] Freezing user space processes ... 
D/kernel  (  142): [34815.662353] AKM8975 AKECS_GetOpenStatus returned (0)
W/kernel  (  142): [34815.696350] (elapsed 0.03 seconds) done.
W/kernel  (  142): [34815.696350] Freezing remaining freezable tasks ... (elapsed 0.00 seconds) done.
W/kernel  (  142): [34815.696655] Suspending console(s) (use no_console_suspend to debug)
V/kernel  (  142): [34815.704772] msmrtc_tod_proc_result: 11/16/2012 12:48:23 (04)
V/kernel  (  142): [34815.707824] msmrtc_tod_proc_result: 11/16/2012 12:48:23 (04)
V/kernel  (  142): [34815.710540] msmrtc_tod_proc_result: 11/16/2012 12:48:23 (04)
V/kernel  (  142): [34815.717315] msmrtc_tod_proc_result: 11/16/2012 12:48:23 (04)
D/kernel  (  142): [34815.718261] lm3560 0-0053: lm356x_suspend: Suspending LM356X driver.
D/kernel  (  142): [34815.718353] AKM8975 suspended with flag=0
D/kernel  (  142): [34815.721984] power_suspend_late return 0
D/kernel  (  142): [34815.722076] wakeup wake lock: DATA5
D/kernel  (  142): [34815.761596] AKM8975 resumed with flag=0
D/kernel  (  142): [34815.761657] lm3560 0-0053: lm356x_resume: Reinit lm356x chip.
I/AKMD2   (  147): akmd2 : Suspended.
D/kernel  (  142): [34815.765228] lm3560 0-0053: lm356x_resume: Resuming LM356X driver.
V/kernel  (  142): [34815.773193] msmrtc_tod_proc_result: 11/16/2012 12:49:00 (04)
V/kernel  (  142): [34815.779785] msmrtc_tod_proc_result: 11/16/2012 12:49:00 (04)
W/kernel  (  142): [34815.781036] Restarting tasks ... 
D/kernel  (  142): [34815.791931] device rmnet0 left promiscuous mode
D/kernel  (  142): [34815.792053] device rmnet0 entered promiscuous mode
W/kernel  (  142): [34815.829254] done.
D/kernel  (  142): [34815.829315] suspend: exit suspend, ret = 0 (2012-11-16 12:49:00.585357665 UTC)
D/kernel  (  142): [34815.829345] active wake lock PowerManagerService
D/kernel  (  142): [34815.829345] active wake lock DATA5, time left 39
D/kernel  (  142): [34815.829345] suspend: abort suspend
D/OpenGLRenderer( 6861): Flushing caches (mode 1)
I/Gmail   ( 6546): MainSyncRequestProto: lowestBkwdConvoId: 0, highestHandledServerOp: 1667102, normalSync: true
D/OpenGLRenderer( 6546): Flushing caches (mode 1)
D/OpenGLRenderer( 6861): Flushing caches (mode 1)
D/dalvikvm( 6546): GC_CONCURRENT freed 365K, 23% free 10288K/13319K, paused 2ms+4ms
D/dalvikvm( 6546): GC_CONCURRENT freed 486K, 24% free 10226K/13319K, paused 3ms+3ms
D/OpenGLRenderer( 6861): Flushing caches (mode 1)
D/dalvikvm( 6546): GC_EXPLICIT freed 279K, 24% free 10216K/13319K, paused 2ms+3ms
I/Gmail   ( 6546): MainSyncRequestProto: lowestBkwdConvoId: 0, highestHandledServerOp: 1667419, normalSync: true
D/OpenGLRenderer( 6861): Flushing caches (mode 1)
D/OpenGLRenderer( 6546): Flushing caches (mode 1)
D/dalvikvm( 6546): GC_EXPLICIT freed 148K, 24% free 10251K/13319K, paused 2ms+4ms
I/Gmail   ( 6546): MainSyncRequestProto: lowestBkwdConvoId: 0, highestHandledServerOp: 1667419, normalSync: true
I/Gmail   ( 6546): lowestBackward conversation id 0
W/Gmail   ( 6546): Scheduling index for 300000 ms from now
I/Gmail   ( 6546): Sending notification intent: Intent { act=android.intent.action.PROVIDER_CHANGED dat=content://gmail-ls/unread/^i (has extras) }
D/OpenGLRenderer( 6861): Flushing caches (mode 1)
D/lights  (  305): set_light_notifications: color=0x00000000, mode=1
E/NotificationService(  305): Ignoring notification with icon==0: Notification(contentView=null vibrate=null,sound=null,defaults=0x0,flags=0x1)
E/NotificationService(  305): Ignoring notification with icon==0: Notification(contentView=null vibrate=null,sound=null,defaults=0x0,flags=0x1)
D/dalvikvm(  643): GC_CONCURRENT freed 380K, 8% free 9764K/10567K, paused 2ms+3ms
I/AudioService(  305):  AudioFocus  abandonAudioFocus() from android.media.AudioManager@2c050430
D/OpenGLRenderer( 6861): Flushing caches (mode 1)
I/Gmail   ( 6546): Sending notification intent: Intent { act=android.intent.action.PROVIDER_CHANGED dat=content://gmail-ls/unread/^iim (has extras) }
D/dalvikvm(  380): GC_CONCURRENT freed 851K, 47% free 11295K/21255K, paused 2ms+4ms
D/dalvikvm(  305): GC_EXPLICIT freed 883K, 29% free 16429K/22919K, paused 5ms+19ms
E/NotificationService(  305): Ignoring notification with icon==0: Notification(contentView=null vibrate=null,sound=null,defaults=0x0,flags=0x1)
D/OpenGLRenderer( 6861): Flushing caches (mode 1)
D/OpenGLRenderer( 6861): Flushing caches (mode 1)
D/kernel  (  142): [34820.826202] suspend: enter suspend
D/kernel  (  142): [34820.826263] PM: Syncing filesystems ... done.
W/kernel  (  142): [34820.906768] Freezing user space processes ... 
D/kernel  (  142): [34820.912475] AKM8975 AKECS_GetOpenStatus returned (0)
W/kernel  (  142): [34820.934753] (elapsed 0.02 seconds) done.
W/kernel  (  142): [34820.934753] Freezing remaining freezable tasks ... (elapsed 0.00 seconds) done.
W/kernel  (  142): [34820.935058] Suspending console(s) (use no_console_suspend to debug)
V/kernel  (  142): [34820.945068] msmrtc_tod_proc_result: 11/16/2012 12:49:05 (04)
V/kernel  (  142): [34820.947601] msmrtc_tod_proc_result: 11/16/2012 12:49:05 (04)
E/kernel  (  142): [34820.947631] pm_op(): platform_pm_suspend+0x0/0x54 returns -16
E/kernel  (  142): [34820.947662] PM: Device alarm failed to suspend: error -16
E/kernel  (  142): [34820.947662] PM: Some devices failed to suspend
I/AKMD2   (  147): akmd2 : Suspended.
W/kernel  (  142): [34820.948303] Restarting tasks ... done.
D/kernel  (  142): [34820.953369] suspend: exit suspend, ret = -16 (2012-11-16 12:49:05.709411641 UTC)
D/kernel  (  142): [34820.953399] active wake lock alarm_rtc, time left 200
D/kernel  (  142): [34820.953399] suspend: abort suspend
D/kernel  (  142): [34821.906646] suspend: enter suspend
D/kernel  (  142): [34821.906677] PM: Syncing filesystems ... done.
W/kernel  (  142): [34821.986724] Freezing user space processes ... 
D/kernel  (  142): [34821.992462] AKM8975 AKECS_GetOpenStatus returned (0)
W/kernel  (  142): [34822.016143] (elapsed 0.02 seconds) done.
W/kernel  (  142): [34822.016143] Freezing remaining freezable tasks ... (elapsed 0.00 seconds) done.
W/kernel  (  142): [34822.016479] Suspending console(s) (use no_console_suspend to debug)
V/kernel  (  142): [34822.027130] msmrtc_tod_proc_result: 11/16/2012 12:49:06 (04)
V/kernel  (  142): [34822.029663] msmrtc_tod_proc_result: 11/16/2012 12:49:06 (04)
E/kernel  (  142): [34822.029693] pm_op(): platform_pm_suspend+0x0/0x54 returns -16
E/kernel  (  142): [34822.029724] PM: Device alarm failed to suspend: error -16
E/kernel  (  142): [34822.029724] PM: Some devices failed to suspend
I/AKMD2   (  147): akmd2 : Suspended.
W/kernel  (  142): [34822.030364] Restarting tasks ... done.
D/kernel  (  142): [34822.035430] suspend: exit suspend, ret = -16 (2012-11-16 12:49:06.791473398 UTC)
D/kernel  (  142): [34822.035461] active wake lock alarm_rtc, time left 200
D/kernel  (  142): [34822.035461] suspend: abort suspend
D/OpenGLRenderer( 6861): Flushing caches (mode 1)
I/FastDormancyManager(  305): Fast Dormant executed. ExecuteCount:128 NonExecuteCount:2142
D/kernel  (  142): [34822.926574] suspend: enter suspend
D/kernel  (  142): [34822.926635] PM: Syncing filesystems ... done.
W/kernel  (  142): [34823.006713] Freezing user space processes ... 
D/kernel  (  142): [34823.012481] AKM8975 AKECS_GetOpenStatus returned (0)
W/kernel  (  142): [34823.035949] (elapsed 0.02 seconds) done.
W/kernel  (  142): [34823.035949] Freezing remaining freezable tasks ... (elapsed 0.00 seconds) done.
W/kernel  (  142): [34823.036315] Suspending console(s) (use no_console_suspend to debug)
V/kernel  (  142): [34823.045349] msmrtc_tod_proc_result: 11/16/2012 12:49:07 (04)
V/kernel  (  142): [34823.048553] msmrtc_tod_proc_result: 11/16/2012 12:49:07 (04)
V/kernel  (  142): [34823.051391] msmrtc_tod_proc_result: 11/16/2012 12:49:07 (04)
V/kernel  (  142): [34823.059082] msmrtc_tod_proc_result: 11/16/2012 12:49:07 (04)
D/kernel  (  142): [34823.060058] lm3560 0-0053: lm356x_suspend: Suspending LM356X driver.
D/kernel  (  142): [34823.060119] AKM8975 suspended with flag=0
D/kernel  (  142): [34823.063568] power_suspend_late return 0
D/kernel  (  142): [34823.065429] wakeup wake lock: rpcrotuer_smd_xprt
D/kernel  (  142): [34823.101959] AKM8975 resumed with flag=0
D/kernel  (  142): [34823.101989] lm3560 0-0053: lm356x_resume: Reinit lm356x chip.
D/kernel  (  142): [34823.105529] lm3560 0-0053: lm356x_resume: Resuming LM356X driver.
V/kernel  (  142): [34823.113128] msmrtc_tod_proc_result: 11/16/2012 12:49:29 (04)
V/kernel  (  142): [34823.113159] msm_rtc: Generating alarm event (src 2)
V/kernel  (  142): [34823.116546] msmrtc_tod_proc_result: 11/16/2012 12:49:29 (04)
I/AKMD2   (  147): akmd2 : Suspended.
W/kernel  (  142): [34823.117736] Restarting tasks ... done.
D/kernel  (  142): [34823.132751] suspend: exit suspend, ret = 0 (2012-11-16 12:49:29.551971435 UTC)
D/kernel  (  142): [34823.132781] active wake lock msm-i2c
D/kernel  (  142): [34823.132812] active wake lock alarm_rtc, time left 98
D/kernel  (  142): [34823.132812] suspend: abort suspend
D/kernel  (  142): [34824.106658] wake lock alarm_rtc, expired
D/kernel  (  142): [34824.186859] suspend: enter suspend
D/kernel  (  142): [34824.186920] PM: Syncing filesystems ... done.
W/kernel  (  142): [34824.275695] Freezing user space processes ... 
D/kernel  (  142): [34824.283386] AKM8975 AKECS_GetOpenStatus returned (0)
D/kernel  (  142): [34824.292205] active wake lock PowerManagerService
W/kernel  (  142): [34824.292205] 
E/kernel  (  142): [34824.292236] Freezing of tasks aborted after 0.01 seconds (526 tasks refusing to freeze):
W/kernel  (  142): [34824.292724] 
I/AKMD2   (  147): akmd2 : Suspended.
W/kernel  (  142): [34824.292755] Restarting tasks ... done.
D/kernel  (  142): [34824.297119] suspend: exit suspend, ret = -16 (2012-11-16 12:49:30.716369637 UTC)
D/kernel  (  142): [34824.376770] suspend: enter suspend
D/kernel  (  142): [34824.376831] PM: Syncing filesystems ... done.
W/kernel  (  142): [34824.456970] Freezing user space processes ... 
D/kernel  (  142): [34824.464508] AKM8975 AKECS_GetOpenStatus returned (0)
W/kernel  (  142): [34824.498870] (elapsed 0.04 seconds) done.
W/kernel  (  142): [34824.498870] Freezing remaining freezable tasks ... (elapsed 0.00 seconds) done.
W/kernel  (  142): [34824.499176] Suspending console(s) (use no_console_suspend to debug)
V/kernel  (  142): [34824.510040] msmrtc_tod_proc_result: 11/16/2012 12:49:30 (04)
V/kernel  (  142): [34824.513122] msmrtc_tod_proc_result: 11/16/2012 12:49:30 (04)
V/kernel  (  142): [34824.515930] msmrtc_tod_proc_result: 11/16/2012 12:49:30 (04)
V/kernel  (  142): [34824.526489] msmrtc_tod_proc_result: 11/16/2012 12:49:30 (04)
D/kernel  (  142): [34824.527435] lm3560 0-0053: lm356x_suspend: Suspending LM356X driver.
D/kernel  (  142): [34824.527496] AKM8975 suspended with flag=0
D/kernel  (  142): [34824.531372] power_suspend_late return 0
D/kernel  (  142): [34824.531585] wakeup wake lock: msm_otg
D/kernel  (  142): [34824.531677] msm_otg_resume: usb exited from low power mode
D/kernel  (  142): [34824.557586] msm_hsusb msm_hsusb: msm72k_udc: OFFLINE -> ONLINE
D/kernel  (  142): [34824.570587] AKM8975 resumed with flag=0
D/kernel  (  142): [34824.570648] lm3560 0-0053: lm356x_resume: Reinit lm356x chip.
D/kernel  (  142): [34824.574249] lm3560 0-0053: lm356x_resume: Resuming LM356X driver.
V/kernel  (  142): [34824.575469] msmrtc_tod_proc_result: 11/16/2012 12:50:35 (04)
V/kernel  (  142): [34824.577026] msmrtc_tod_proc_result: 11/16/2012 12:50:35 (04)
I/AKMD2   (  147): akmd2 : Suspended.
W/kernel  (  142): [34824.578674] Restarting tasks ... done.
D/kernel  (  142): [34824.634277] suspend: exit suspend, ret = 0 (2012-11-16 12:50:35.593017577 UTC)
D/kernel  (  142): [34824.634307] active wake lock PowerManagerService
D/kernel  (  142): [34824.634307] active wake lock usb_bus_active
D/kernel  (  142): [34824.634307] active wake lock msm_otg
D/kernel  (  142): [34824.634307] suspend: abort suspend
D/kernel  (  142): [34824.789398] msm_hsusb msm_hsusb: suspend
D/kernel  (  142): [34824.907714] msm_hsusb msm_hsusb: reset
D/kernel  (  142): [34824.909973] 
D/kernel  (  142): [34824.910003] *********** Charger Type: HOST PC
D/kernel  (  142): [34824.910003] 
D/kernel  (  142): [34824.968566] msm_hsusb msm_hsusb: reset
D/kernel  (  142): [34824.968658] 
D/kernel  (  142): [34824.968658] Charger Type: STD DOWNSTREAM PORT
I/ActivityManager(  305): Start proc com.sonyericsson.usbux for broadcast com.sonyericsson.usbux/.service.UsbServiceReceiver: pid=7135 uid=1000 gids={1015, 3002, 3001, 3003, 3007}
I/StorageNotification(  380): UMS connection changed to true (media state mounted)
D/kernel  (  142): [34825.089508] android_usb gadget: high speed config #1: android
D/kernel  (  142): [34825.094940] bq24185 0-006b: Turning on charger. USB-Host mode
D/kernel  (  142): [34825.094970] bq24185 0-006b: Set init values
D/kernel  (  142): [34825.095733] bq24185 0-006b: Disabling charger
D/kernel  (  142): [34825.099945] bq24185 0-006b: Set safety timer to disable
D/kernel  (  142): [34825.103607] bq24185 0-006b: Setting input charger current to 500 mA
D/kernel  (  142): [34825.104400] bq24185 0-006b: Setting charger voltage to 4200 mV
D/kernel  (  142): [34825.105590] bq24185 0-006b: Setting charger current to 1050 mA
D/kernel  (  142): [34825.107635] bq24185 0-006b: Enabling charger
I/StorageNotification(  380): UMS connection changed to true (media state mounted)
I/ActivityManager(  305): START {flg=0x10000000 cmp=com.sonyericsson.usbux/.dialogs.PcCompanionInstallationActivity} from pid 7135
D/OpenGLRenderer( 7094): Flushing caches (mode 1)
I/power   (  305): *** set_screen_state 1
D/kernel  (  142): [34825.199371] request_suspend_state: wakeup (3->0) at 34823253332441 (2012-11-16 12:50:36.158081064 UTC)
W/MTP-usbux.SdCard( 7135): SD card enabled as mass storagae:true
D/DASH - select(  305): sensors_select_callback: select canceled by request
D/DASH - select(  305): sensors_select_callback: select canceled by request
D/DASH - select(  305): sensors_select_callback: select canceled by request
I/PackageManager(  305): Updating external media status from mounted to unmounted
E/NotificationService(  305): Ignoring notification with icon==0: Notification(contentView=null vibrate=null,sound=null,defaults=0x0,flags=0x1)
D/lights  (  305): set_light_backlight: brightness=8
I/WindowManager(  305): Lock screen displayed!
D/lights  (  305): set_light_backlight: brightness=16
D/lights  (  305): set_light_backlight: brightness=25
D/lights  (  305): set_light_backlight: brightness=33
W/PowerUI (  380): unknown intent: Intent { act=android.intent.action.ACTION_POWER_CONNECTED flg=0x10000010 }
D/lights  (  305): set_light_backlight: brightness=42
E/NotificationService(  305): Ignoring notification with icon==0: Notification(contentView=null vibrate=null,sound=null,defaults=0x0,flags=0x1)
D/lights  (  305): set_light_backlight: brightness=50
D/lights  (  305): set_light_backlight: brightness=59
D/lights  (  305): set_light_backlight: brightness=67
D/lights  (  305): set_light_backlight: brightness=76
D/OpenGLRenderer( 7094): Flushing caches (mode 1)
D/lights  (  305): set_light_battery: color=0xff00ff00, mode=0
D/SurfaceFlinger(  133): Screen about to return, flinger = 0xfc48
W/ProcessStats(  305): Skipping unknown process pid 7155
D/kernel  (  142): [34825.466705] as3676 0-0040: as3676_late_resume
D/lights  (  305): set_light_backlight: brightness=84
D/lights  (  305): set_light_backlight: brightness=93
D/lights  (  305): set_light_backlight: brightness=101
D/lights  (  305): set_light_backlight: brightness=110
D/dalvikvm(  380): GC_CONCURRENT freed 863K, 48% free 11153K/21255K, paused 2ms+16ms
D/lights  (  305): set_light_backlight: brightness=118
I/ActivityManager(  305): Start proc ru.enacu.myreader for broadcast ru.enacu.myreader/ru.justreader.services.PowerConnectionReceiver: pid=7157 uid=10107 gids={3003, 1015}
D/lights  (  305): set_light_backlight: brightness=127
I/dalvikvm( 7157): Turning on JNI app bug workarounds for target SDK version 13...
D/TextLayoutCache( 7135): Using debug level: 0 - Debug Enabled: 0
D/libEGL  ( 7135): loaded /system/lib/egl/libEGL_adreno200.so
D/libEGL  ( 7135): loaded /system/lib/egl/libGLESv1_CM_adreno200.so
D/libEGL  ( 7135): loaded /system/lib/egl/libGLESv2_adreno200.so
I/Adreno200-EGLSUB( 7135): <ConfigWindowMatch:2078>: Format RGBA_8888.
D/OpenGLRenderer( 7135): Enabling debug mode 0
I/Adreno200-EGLSUB( 7135): <ConfigWindowMatch:2078>: Format RGBA_8888.
D/OpenGLRenderer( 6861): Flushing caches (mode 1)
D/OpenGLRenderer( 6546): Flushing caches (mode 1)
I/ActivityThread( 7157): Pub ru.enacu.myreader.prefix.file: ru.justreader.data.contentproviders.FileContentProvider
I/ActivityThread( 7157): Pub ru.enacu.myreader.prefix.res: ru.justreader.data.contentproviders.ResourceContentProvider
I/ActivityThread( 7157): Pub ru.enacu.myreader.prefix.db: ru.justreader.data.contentproviders.ContentProvider
I/Adreno200-EGLSUB(  133): <CreateImage:893>: Android Image
I/Adreno200-EGLSUB(  133): <GetImageAttributes:1102>: RGBA_8888
I/Adreno200-EGLSUB(  133): <CreateImage:893>: Android Image
I/Adreno200-EGLSUB(  133): <GetImageAttributes:1102>: RGBA_8888
D/lights  (  305): set_light_buttons: brightness=255
D/VoldCmdListener(  129): asec list
W/kernel  (  142): [34826.276611] mmc1: Starting deferred resume
D/kernel  (  142): [34826.276824] cdcc_pm_gpio_config: uSD power on
D/dalvikvm(  643): GC_CONCURRENT freed 524K, 8% free 9752K/10567K, paused 2ms+17ms
W/kernel  (  142): [34826.461517] mmc1: Deferred resume completed
D/VoldCmdListener(  129): asec path fr.bouyguestelecom.ecm.android-1
D/dalvikvm(  643): GC_CONCURRENT freed 512K, 8% free 9751K/10567K, paused 2ms+2ms
D/VoldCmdListener(  129): asec path com.gm.f1.main-1
D/dalvikvm(  524): GC_CONCURRENT freed 1582K, 20% free 13581K/16903K, paused 2ms+32ms
D/VoldCmdListener(  129): asec path com.rovio.angrybirdsstarwars.ads.iap-1
D/VoldCmdListener(  129): asec path com.quoord.tapatalkxda.activity-1
I/AudioHardwareMSM7X30(  150): Routing audio to Speakerphone
I/AudioHardwareMSM7X30(  150): Change routing audio to speaker for xLOUD
D/lights  (  305): set_light_buttons: brightness=0
D/VoldCmdListener(  129): asec path com.rovio.angrybirdsspace.ads-1
E/ActivityThread(  643): Failed to find provider info for org.kman.AquaMail.datax.accounts
D/PhoneStatusBar(  380): disable: < expand icons alerts ticker system_info BACK HOME recent* CLOCK >
I/PackageManager(  305): Removing non-system package:com.rovio.angrybirdsstarwars.ads.iap
D/lights  (  305): set_light_notifications: color=0x00000000, mode=0
D/lights  (  305): update_flash_state: stopping flash
D/OpenGLRenderer( 7094): Flushing caches (mode 1)
I/ActivityManager(  305): Force stopping package com.rovio.angrybirdsstarwars.ads.iap uid=10109
D/AudioHardwareMSM7X30(  150): value of device and enable is 32 1
D/kernel  (  142): [34826.659057] [msm7x30.c:msm_device_put] device xloud_speaker_stereo_rx set 1
D/kernel  (  142): [34826.659057] [msm7x30.c:msm_device_put] device freq =48000
D/kernel  (  142): [34826.662567] [adsp.c:msm_adsp_get] module AFETASK has been registered
D/kernel  (  142): [34826.662597] [adsp.c:msm_adsp_enable] enable 'AFETASK'state[0] id[17227119]
D/kernel  (  142): [34826.667816] [adsp.c:adsp_rtos_mtoa_cb] rpc event=0, proc_id=2, module=17227119, image=0
D/kernel  (  142): [34826.667816] [adsp.c:adsp_rtos_mtoa_cb] module AFETASK: READY
D/OpenGLRenderer( 6861): Flushing caches (mode 1)
I/ActivityManager(  305): Displayed com.sonyericsson.usbux/.dialogs.PcCompanionInstallationActivity: +1s544ms
D/PhoneStatusBar(  380): disable: < expand icons alerts ticker system_info back* home* recent clock* >
D/kernel  (  142): [34826.717010] msm_snddev_poweramp_on: power on amplifier
D/kernel  (  142): [34826.717102] [adsp.c:msm_adsp_get] module AUDPPTASK has been registered
D/kernel  (  142): [34826.717132] [adsp.c:msm_adsp_enable] enable 'AUDPPTASK'state[0] id[17227122]
D/kernel  (  142): [34826.718322] [adsp.c:adsp_rtos_mtoa_cb] rpc event=0, proc_id=2, module=17227122, image=0
D/kernel  (  142): [34826.718353] [adsp.c:adsp_rtos_mtoa_cb] module AUDPPTASK: READY
D/kernel  (  142): [34826.722473] [audpp.c:audpp_dsp_event] ENABLE
D/kernel  (  142): [34826.736114] [adsp.c:msm_adsp_write] AUDPPTASK command took 57 attempts: rc 0
I/Adreno200-EGLSUB(  133): <CreateImage:893>: Android Image
I/Adreno200-EGLSUB(  133): <GetImageAttributes:1102>: RGBA_8888
D/dalvikvm(  643): GC_CONCURRENT freed 502K, 8% free 9761K/10567K, paused 4ms+9ms
D/OpenGLRenderer( 6546): Flushing caches (mode 1)
D/lights  (  305): set_light_notifications: color=0x00000000, mode=1
E/NotificationService(  305): Ignoring notification with icon==0: Notification(contentView=null vibrate=null,sound=null,defaults=0x0,flags=0x1)
I/Adreno200-EGLSUB(  133): <CreateImage:893>: Android Image
I/Adreno200-EGLSUB(  133): <GetImageAttributes:1102>: RGBA_8888
I/PackageManager(  305): Removing non-system package:com.gm.f1.main
I/ActivityManager(  305): Force stopping package com.gm.f1.main uid=10087
I/PackageManager(  305): Removing non-system package:com.quoord.tapatalkxda.activity
I/ActivityManager(  305): Force stopping package com.quoord.tapatalkxda.activity uid=10110
I/PackageManager(  305): Removing non-system package:fr.bouyguestelecom.ecm.android
I/PackageManager(  305): Removing non-system package:com.rovio.angrybirdsspace.ads
I/ActivityManager(  305): Force stopping package fr.bouyguestelecom.ecm.android uid=10080
I/ActivityManager(  305): Force stopping package com.rovio.angrybirdsspace.ads uid=10113
D/kernel  (  142): [34826.879638] device rmnet0 left promiscuous mode
D/kernel  (  142): [34826.879699] device rmnet0 entered promiscuous mode
W/googleanalytics( 3721): Problem with socket or streams.
W/googleanalytics( 3721): java.net.ConnectException: failed to connect to www.google-analytics.com/127.0.0.1 (port 80): connect failed: ECONNREFUSED (Connection refused)
W/googleanalytics( 3721): 	at libcore.io.IoBridge.connect(IoBridge.java:120)
W/googleanalytics( 3721): 	at java.net.PlainSocketImpl.connect(PlainSocketImpl.java:192)
W/googleanalytics( 3721): 	at java.net.PlainSocketImpl.connect(PlainSocketImpl.java:459)
W/googleanalytics( 3721): 	at java.net.Socket.connect(Socket.java:849)
W/googleanalytics( 3721): 	at org.apache.http.conn.scheme.PlainSocketFactory.connectSocket(PlainSocketFactory.java:119)
W/googleanalytics( 3721): 	at com.google.android.apps.analytics.PipelinedRequester.maybeOpenConnection(PipelinedRequester.java:131)
W/googleanalytics( 3721): 	at com.google.android.apps.analytics.PipelinedRequester.addRequest(PipelinedRequester.java:59)
W/googleanalytics( 3721): 	at com.google.android.apps.analytics.NetworkDispatcher$DispatcherThread$AsyncDispatchTask.dispatchSomePendingEvents(NetworkDispatcher.java:213)
W/googleanalytics( 3721): 	at com.google.android.apps.analytics.NetworkDispatcher$DispatcherThread$AsyncDispatchTask.run(NetworkDispatcher.java:170)
W/googleanalytics( 3721): 	at android.os.Handler.handleCallback(Handler.java:605)
W/googleanalytics( 3721): 	at android.os.Handler.dispatchMessage(Handler.java:92)
W/googleanalytics( 3721): 	at android.os.Looper.loop(Looper.java:137)
W/googleanalytics( 3721): 	at android.os.HandlerThread.run(HandlerThread.java:60)
W/googleanalytics( 3721): Caused by: libcore.io.ErrnoException: connect failed: ECONNREFUSED (Connection refused)
W/googleanalytics( 3721): 	at libcore.io.Posix.connect(Native Method)
W/googleanalytics( 3721): 	at libcore.io.BlockGuardOs.connect(BlockGuardOs.java:85)
W/googleanalytics( 3721): 	at libcore.io.IoBridge.connectErrno(IoBridge.java:133)
W/googleanalytics( 3721): 	at libcore.io.IoBridge.connect(IoBridge.java:118)
W/googleanalytics( 3721): 	... 12 more
W/googleanalytics( 3721): Dispatcher thinks it finished, but there were 19 failed events
D/dalvikvm( 7157): GC_CONCURRENT freed 231K, 4% free 9048K/9351K, paused 3ms+6ms
W/kernel  (  142): [34827.046966] select 3721 (s.gesturesearch), adj 9, size 7444, to kill
W/kernel  (  142): [34827.046997] select 6227 (droid.gsf.login), adj 10, size 7663, to kill
W/kernel  (  142): [34827.047027] select 6511 (ndroid.calendar), adj 12, size 7748, to kill
W/kernel  (  142): [34827.047027] send sigkill to 6511 (ndroid.calendar), adj 12, size 7748
D/SurfaceFlinger(  133): Release buffer at 0x573f8
W/hdmidisplay(  305): Java_com_sonyericsson_hdmi_controlservice_HDMIDisplay_JNISetHDMIOutput!
W/hdmidisplay(  305): [HDMI] JNISetHDMIOutput() : CMD_HDMI_POWER_ON
I/hdmid   (  302): HDMID Version [0.026.6.0]
D/dalvikvm(  305): GC_CONCURRENT freed 1984K, 30% free 16235K/22919K, paused 3ms+18ms
D/dalvikvm(  643): GC_CONCURRENT freed 480K, 8% free 9792K/10567K, paused 3ms+3ms
D/dalvikvm(  643): GC_CONCURRENT freed 513K, 8% free 9791K/10567K, paused 2ms+3ms
D/dalvikvm(  643): GC_FOR_ALLOC freed 285K, 8% free 9799K/10567K, paused 32ms
D/dalvikvm(  643): GC_FOR_ALLOC freed 44K, 8% free 9799K/10567K, paused 28ms
D/dalvikvm(  643): GC_FOR_ALLOC freed 44K, 8% free 9799K/10567K, paused 26ms
D/dalvikvm(  643): GC_FOR_ALLOC freed 44K, 8% free 9799K/10567K, paused 28ms
D/dalvikvm(  643): GC_FOR_ALLOC freed 44K, 8% free 9799K/10567K, paused 28ms
D/dalvikvm(  643): GC_FOR_ALLOC freed 44K, 8% free 9799K/10567K, paused 30ms
D/dalvikvm(  643): GC_FOR_ALLOC freed 45K, 8% free 9799K/10567K, paused 29ms
D/dalvikvm(  643): GC_FOR_ALLOC freed 45K, 8% free 9799K/10567K, paused 27ms
D/dalvikvm(  643): GC_FOR_ALLOC freed 45K, 8% free 9799K/10567K, paused 28ms
D/dalvikvm(  643): GC_FOR_ALLOC freed 49K, 8% free 9800K/10567K, paused 27ms
D/dalvikvm(  643): GC_CONCURRENT freed 478K, 8% free 9751K/10567K, paused 2ms+2ms
I/ActivityManager(  305): Process com.android.calendar (pid 6511) has died.
E/NotificationService(  305): Ignoring notification with icon==0: Notification(contentView=null vibrate=null,sound=null,defaults=0x0,flags=0x1)
D/OpenGLRenderer( 7094): Flushing caches (mode 1)
E/NotificationService(  305): Ignoring notification with icon==0: Notification(contentView=null vibrate=null,sound=null,defaults=0x0,flags=0x1)
D/OpenGLRenderer( 6861): Flushing caches (mode 1)
D/OpenGLRenderer( 6546): Flushing caches (mode 1)
I/ActivityManager(  305): Force stopping package com.rovio.angrybirdsstarwars.ads.iap uid=10109
I/ActivityManager(  305): Force stopping package com.gm.f1.main uid=10087
I/ActivityManager(  305): Force stopping package com.quoord.tapatalkxda.activity uid=10110
I/ActivityManager(  305): Force stopping package fr.bouyguestelecom.ecm.android uid=10080
I/ActivityManager(  305): Force stopping package com.rovio.angrybirdsspace.ads uid=10113
D/dalvikvm( 6576): GC_EXPLICIT freed 232K, 6% free 9776K/10375K, paused 2ms+14ms
D/dalvikvm(  524): GC_EXPLICIT freed 34K, 20% free 13547K/16903K, paused 2ms+20ms
D/PackageManager(  305): generateServicesMap(android.accounts.AccountAuthenticator): 11 services unchanged
I/AudioHardwareMSM7X30(  150): Routing audio to Speakerphone
I/AudioHardwareMSM7X30(  150): Change routing audio to speaker for xLOUD
D/SurfaceFlinger(  133): Release buffer at 0x859a8
D/OpenGLRenderer( 7135): Flushing caches (mode 1)
D/PackageManager(  305): generateServicesMap(android.content.SyncAdapter): 19 services unchanged
W/AudioPolicyManager(  150): setDeviceConnectionState() device not connected: 2000
D/BackupManagerService(  305): Received broadcast Intent { act=android.intent.action.EXTERNAL_APPLICATIONS_UNAVAILABLE flg=0x10000010 (has extras) }
V/BackupManagerService(  305): removePackageParticipantsLocked: #5
E/kernel  (  142): [34829.147247] msm_i2c msm_i2c.0: (0076) Error during data xfer (-5)
D/SurfaceFlinger(  133): Release buffer at 0x7b720
D/AccountTypeManager( 6861): Registering external account type=com.sonyericsson.facebook.account, packageName=com.sonyericsson.facebook.proxylogin
D/AccountTypeManager( 6861): Registering 1 extension packages
I/AccountTypeManager( 6861): Loaded meta-data for 5 account types, 2 accounts in 25ms(wall) 10ms(cpu)
I/ActivityManager(  305): Start proc com.android.vending for broadcast com.android.vending/com.google.android.finsky.receivers.PackageMonitorReceiver$RegisteredReceiver: pid=7206 uid=10043 gids={3003, 1015}
D/lights  (  305): set_light_buttons: brightness=255
I/ActivityManager(  305): START {act=android.intent.action.MAIN cat=[android.intent.category.HOME] flg=0x10200000 cmp=com.sonyericsson.home/.HomeActivity} from pid 305
I/ActivityThread( 7206): Pub com.google.android.finsky.QSBSuggestionsProvider2: com.google.android.finsky.providers.QSBSuggestionsProvider
I/ActivityThread( 7206): Pub com.google.android.finsky.AppIconProvider: com.google.android.finsky.providers.AppIconProvider
D/OpenGLRenderer( 7094): Flushing caches (mode 1)
I/ActivityThread( 7206): Pub com.google.android.finsky.RecentSuggestionsProvider: com.google.android.finsky.providers.RecentSuggestionsProvider
D/dalvikvm( 7094): GC_CONCURRENT freed 1267K, 13% free 9685K/11079K, paused 2ms+5ms
I/Adreno200-EGLSUB(  524): <ConfigWindowMatch:2078>: Format RGBA_8888.
D/dalvikvm( 7206): GC_CONCURRENT freed 166K, 3% free 9136K/9415K, paused 2ms+2ms
I/Adreno200-EGLSUB(  133): <CreateImage:893>: Android Image
I/Adreno200-EGLSUB(  133): <GetImageAttributes:1102>: RGBA_8888
D/OpenGLRenderer( 7094): Flushing caches (mode 0)
W/InputManagerService(  305): Window already focused, ignoring focus gain of: com.android.internal.view.IInputMethodClient$Stub$Proxy@2c0bbfe8
I/Adreno200-EGLSUB(  133): <CreateImage:893>: Android Image
I/Adreno200-EGLSUB(  133): <GetImageAttributes:1102>: RGBA_8888
I/Adreno200-EGLSUB(  133): <CreateImage:893>: Android Image
I/Adreno200-EGLSUB(  133): <GetImageAttributes:1102>: RGBA_8888
D/SurfaceFlinger(  133): Release buffer at 0x88480
D/lights  (  305): set_light_notifications: color=0x00000000, mode=0
D/lights  (  305): update_flash_state: stopping flash
I/Adreno200-EGLSUB(  133): <CreateImage:893>: Android Image
I/Adreno200-EGLSUB(  133): <GetImageAttributes:1102>: RGBA_8888
D/AudioHardwareMSM7X30(  150): AudioStreamOutMSM72xx::standby()
D/AudioHardwareMSM7X30(  150): updateDeviceInfo: E rx_device 32 and tx_device 13
D/AudioHardwareMSM7X30(  150): No active voicecall/playback, disabling cur_rx 32
D/AudioHardwareMSM7X30(  150): value of device and enable is 32 0
D/AudioHardwareMSM7X30(  150): No active voicecall/recording, disabling cur_tx 13
D/AudioHardwareMSM7X30(  150): value of device and enable is 13 0
D/AudioHardwareMSM7X30(  150): updateDeviceInfo: X cur_rx 32 cur_tx 13
D/kernel  (  142): [34831.771850] [msm7x30.c:msm_device_put] device xloud_speaker_stereo_rx set 0
D/kernel  (  142): [34831.772521] msm_snddev_poweramp_off: power off amplifier
D/kernel  (  142): [34831.775085] [adsp.c:msm_adsp_put] closing module AFETASK
D/kernel  (  142): [34831.775268] [msm7x30.c:msm_device_put] device speaker_mono_tx set 0
D/kernel  (  142): [34831.775329] [audpp.c:audpp_dsp_event] DISABLE
D/kernel  (  142): [34831.775360] [audpp.c:audpp_disable] Received CFG_MSG_DISABLE from ADSP
D/kernel  (  142): [34831.775390] [adsp.c:msm_adsp_disable] disable interrupt
D/kernel  (  142): [34831.775390] [adsp.c:msm_adsp_put] closing module AUDPPTASK
D/SurfaceFlinger(  133): Release buffer at 0x88480
W/InputManagerService(  305): Window already focused, ignoring focus gain of: com.android.internal.view.IInputMethodClient$Stub$Proxy@2c11d2c0
D/Finsky  ( 7206): [1] DailyHygiene.goMakeHygieneIfDirty: No need to run daily hygiene.
