D/dalvikvm( 7206): GC_CONCURRENT freed 283K, 5% free 9271K/9671K, paused 3ms+3ms
D/dalvikvm(  524): GC_CONCURRENT freed 1436K, 20% free 13560K/16903K, paused 4ms+6ms
D/dalvikvm(  305): GC_EXPLICIT freed 1344K, 29% free 16357K/22919K, paused 4ms+24ms
W/kernel  (  142): [34835.116241] select 6528 (viders.calendar), adj 15, size 7572, to kill
W/kernel  (  142): [34835.116271] send sigkill to 6528 (viders.calendar), adj 15, size 7572
D/dalvikvm(  305): GC_EXPLICIT freed 122K, 30% free 16236K/22919K, paused 16ms+11ms
D/VoldCmdListener(  129): asec unmount com.rovio.angrybirdsstarwars.ads.iap-1 force
D/dalvikvm(  305): GC_EXPLICIT freed 14K, 30% free 16229K/22919K, paused 3ms+8ms
D/VoldCmdListener(  129): asec unmount com.gm.f1.main-1 force
D/dalvikvm(  305): GC_EXPLICIT freed 24K, 30% free 16211K/22919K, paused 3ms+7ms
D/VoldCmdListener(  129): asec unmount com.quoord.tapatalkxda.activity-1 force
I/ActivityManager(  305): Start proc com.google.android.googlequicksearchbox for broadcast com.google.android.googlequicksearchbox/.SourceUpdateReceiver: pid=7239 uid=10054 gids={3003}
I/ActivityManager(  305): Process com.android.providers.calendar (pid 6528) has died.
D/Finsky  ( 7206): [1] 2.run: Loaded library for account: [ou4hpDbh3KTP786DTMYYZcdI3Yo]
D/Finsky  ( 7206): [1] 2.run: Finished loading 1 libraries.
I/ActivityThread( 7239): Pub com.google.android.googlequicksearchbox.shortcuts: com.google.android.googlequicksearchbox.WebHistoryProvider
I/ActivityThread( 7239): Pub com.google.android.googlequicksearchbox.google: com.google.android.googlequicksearchbox.google.GoogleSuggestionProvider
I/AudioHardwareMSM7X30(  150): Routing audio to Speakerphone
I/AudioHardwareMSM7X30(  150): Change routing audio to speaker for xLOUD
I/ActivityManager(  305): START {act=android.intent.action.MAIN cat=[android.intent.category.LAUNCHER] flg=0x10200000 cmp=pl.solidexplorer/.SolidExplorer bnds=[120,77][240,230]} from pid 524
D/AudioHardwareMSM7X30(  150): value of device and enable is 32 1
D/kernel  (  142): [34835.603759] [msm7x30.c:msm_device_put] device xloud_speaker_stereo_rx set 1
D/kernel  (  142): [34835.603759] [msm7x30.c:msm_device_put] device freq =48000
D/kernel  (  142): [34835.607360] [adsp.c:msm_adsp_get] module AFETASK has been registered
D/kernel  (  142): [34835.607360] [adsp.c:msm_adsp_enable] enable 'AFETASK'state[0] id[17227119]
D/kernel  (  142): [34835.615173] [adsp.c:adsp_rtos_mtoa_cb] rpc event=0, proc_id=2, module=17227119, image=0
D/kernel  (  142): [34835.615173] [adsp.c:adsp_rtos_mtoa_cb] module AFETASK: READY
I/Adreno200-EGLSUB(  133): <CreateImage:893>: Android Image
I/Adreno200-EGLSUB(  133): <GetImageAttributes:1102>: RGBA_8888
D/kernel  (  142): [34835.677032] msm_snddev_poweramp_on: power on amplifier
D/kernel  (  142): [34835.677093] [adsp.c:msm_adsp_get] module AUDPPTASK has been registered
D/kernel  (  142): [34835.677124] [adsp.c:msm_adsp_enable] enable 'AUDPPTASK'state[0] id[17227122]
D/kernel  (  142): [34835.678558] [adsp.c:adsp_rtos_mtoa_cb] rpc event=0, proc_id=2, module=17227122, image=0
D/kernel  (  142): [34835.678588] [adsp.c:adsp_rtos_mtoa_cb] module AUDPPTASK: READY
D/kernel  (  142): [34835.682739] [audpp.c:audpp_dsp_event] ENABLE
D/kernel  (  142): [34835.696105] [adsp.c:msm_adsp_write] AUDPPTASK command took 59 attempts: rc 0
D/dalvikvm(  305): GC_EXPLICIT freed 49K, 29% free 16360K/22919K, paused 3ms+10ms
D/VoldCmdListener(  129): asec unmount fr.bouyguestelecom.ecm.android-1 force
D/dalvikvm(  305): GC_EXPLICIT freed 17K, 29% free 16349K/22919K, paused 3ms+7ms
D/VoldCmdListener(  129): asec unmount com.rovio.angrybirdsspace.ads-1 force
I/ActivityManager(  305): Start proc pl.solidexplorer for activity pl.solidexplorer/.SolidExplorer: pid=7254 uid=10089 gids={1015, 3003}
W/ResourceType(  305): Skipping entry 0x7f04001c in package table 0 because it is not complex!
D/dalvikvm(  305): GC_EXPLICIT freed 19K, 29% free 16355K/22919K, paused 3ms+20ms
I/PackageManager(  305): Updating external media status from unmounted to unmounted
D/VoldCmdListener(  129): volume unmount /mnt/sdcard force
D/Vold    (  129): Volume sdcard state changing 4 (Mounted) -> 5 (Unmounting)
D/MountService(  305): sendStorageIntent Intent { act=android.intent.action.MEDIA_EJECT dat=file:///mnt/sdcard (has extras) }
D/OpenGLRenderer(  524): Flushing caches (mode 0)
I/ActivityThread( 7254): Pub pl.solidexplorer.provider: pl.solidexplorer.search.Provider
D/SurfaceFlinger(  133): Release buffer at 0x573f8
D/ACRA    ( 7254): Retrieve application default SharedPreferences.
D/ACRA    ( 7254): Set OnSharedPreferenceChangeListener.
D/ACRA    ( 7254): ACRA is enabled for pl.solidexplorer, intializing...
D/ACRA    ( 7254): Looking for error files in /data/data/pl.solidexplorer/files
D/dalvikvm( 7254): GC_CONCURRENT freed 236K, 4% free 9066K/9415K, paused 2ms+2ms
D/dalvikvm( 7254): GC_CONCURRENT freed 207K, 4% free 9367K/9671K, paused 4ms+3ms
D/Explorer( 7254): Executing command
D/Explorer( 7254): busybox
D/Explorer( 7254): BusyBox v1.20.2-Stericson (2012-07-04 21:33:31 CDT) multi-call binary.
D/Explorer( 7254): Copyright (C) 1998-2011 Erik Andersen, Rob Landley, Denys Vlasenko
D/Explorer( 7254): and others. Licensed under GPLv2.
D/Explorer( 7254): See source distribution for full notice.
D/Explorer( 7254): 
D/Explorer( 7254): Usage: busybox [function] [arguments]...
D/Explorer( 7254):    or: busybox --list[-full]
D/Explorer( 7254):    or: busybox --install [-s] [DIR]
D/Explorer( 7254):    or: function [arguments]...
D/Explorer( 7254): 
D/Explorer( 7254): 	BusyBox is a multi-call binary that combines many common Unix
D/Explorer( 7254): 	utilities into a single executable.  Most people will create a
D/Explorer( 7254): 	link to busybox for each function they wish to use and BusyBox
D/Explorer( 7254): 	will act like whatever it was invoked as.
D/Explorer( 7254): 
D/Explorer( 7254): Currently defined functions:
D/Explorer( 7254): 	[, [[, ash, awk, base64, basename, blkid, bunzip2, bzcat, bzip2, cal,
D/Explorer( 7254): 	cat, chat, chattr, chgrp, chmod, chown, chroot, chrt, cksum, clear,
D/Explorer( 7254): 	comm, cp, cpio, crond, crontab, cut, date, dd, depmod, devmem, df,
D/Explorer( 7254): 	diff, dirname, dmesg, dnsd, dnsdomainname, dos2unix, dpkg, dpkg-deb,
D/Explorer( 7254): 	du, echo, egrep, env, ether-wake, expand, expr, fakeidentd, fbset,
D/Explorer( 7254): 	fdflush, fdformat, fdisk, fgrep, find, fold, free, freeramdisk, fsck,
D/Explorer( 7254): 	fsync, ftpd, ftpget, ftpput, getopt, grep, groups, gunzip, gzip, hd,
D/Explorer( 7254): 	head, hexdump, hostid, hostname, httpd, hwclock, id, ifconfig,
D/Explorer( 7254): 	ifenslave, inetd, inotifyd, insmod, install, ionice, iostat, ip,
D/Explorer( 7254): 	ipaddr, ipcalc, iplink, iproute, iprule, iptunnel, kill, killall,
D/Explorer( 7254): 	killall5, less, ln, logname, losetup, ls, lsattr, lsmod, lsof, lsusb,
D/Explorer( 7254): 	lzop, lzopcat, md5sum, microcom, mkdir, mkdosfs, mke2fs, mkfifo,
D/Explorer( 7254): 	mkfs.ext2, mkfs.vfat, mknod, mkswap, modinfo, modprobe, more, mount,
D/Explorer( 7254): 	mountpoint, mt, mv, nameif, nanddump, nandwrite, nc, netstat, nice,
D/Explorer( 7254): 	nmeter, nslookup, ntpd, od, patch, pgrep, pidof, ping, ping6, pkill,
D/Explorer( 7254): 	pmap, powertop, printenv, printf, ps, pscan, pwd, rdate, rdev,
D/Explorer( 7254): 	readahead, readlink, realpath, renice, reset, rev, rfkill, rm, rmdir,
D/Explorer( 7254): 	rmmod, route, run-parts, script, scriptreplay, sed, sendmail, seq,
D/Explorer( 7254): 	setkeycodes, setlogcons, setsid, sha1sum, sha256sum, sha512sum,
D/Explorer( 7254): 	showkey, sleep, smemcap, sort, split, stat, strings, stty, sum,
D/Explorer( 7254): 	swapoff, swapon, sync, sysctl, tac, tail, tar, tee, telnet, telnetd,
D/Explorer( 7254): 	test, tftp, tftpd, time, timeout, top, touch, tr, traceroute,
D/Explorer( 7254): 	traceroute6, tty, ttysize, tunctl, umount, uname, uncompress, unexpand,
D/Explorer( 7254): 	uniq, unix2dos, unlzop, unzip, uptime, usleep, uudecode, uuencode,
D/Explorer( 7254): 	vconfig, vi, watch, wc, wget, which, who, whoami, whois, xargs, zcat
D/Explorer( 7254): 
D/Explorer( 7254): OK
W/ProcessStats(  305): Skipping unknown process pid 7276
D/TextLayoutCache( 7254): Using debug level: 0 - Debug Enabled: 0
D/libEGL  ( 7254): loaded /system/lib/egl/libEGL_adreno200.so
D/libEGL  ( 7254): loaded /system/lib/egl/libGLESv1_CM_adreno200.so
D/libEGL  ( 7254): loaded /system/lib/egl/libGLESv2_adreno200.so
D/dalvikvm( 7254): GC_CONCURRENT freed 294K, 5% free 9527K/9927K, paused 2ms+7ms
I/Adreno200-EGLSUB( 7254): <ConfigWindowMatch:2078>: Format RGBA_8888.
I/Vold    (  129): /mnt/secure/staging/.android_secure sucessfully unmounted
I/Vold    (  129): /mnt/secure/asec sucessfully unmounted
W/Vold    (  129): Failed to unmount /mnt/secure/staging (Device or resource busy, retries 9, action 0)
E/ProcessKiller(  129): Process com.beboo.wifibackupandrestore (6715) has open file /mnt/secure/staging/WIFI_Backup_Restore/wpa_supplicant.conf (deleted)
D/OpenGLRenderer( 7254): Enabling debug mode 0
D/dalvikvm( 7254): GC_CONCURRENT freed 131K, 3% free 9830K/10055K, paused 2ms+3ms
W/Vold    (  129): Failed to unmount /mnt/secure/staging (Device or resource busy, retries 8, action 0)
I/Adreno200-EGLSUB(  133): <CreateImage:893>: Android Image
I/Adreno200-EGLSUB(  133): <GetImageAttributes:1102>: RGBA_8888
I/ActivityManager(  305): Displayed pl.solidexplorer/.SolidExplorer: +2s804ms
W/InputMethodManager( 7254): Ignoring onBind: cur seq=216, given seq=215
D/AudioHardwareMSM7X30(  150): AudioStreamOutMSM72xx::standby()
D/AudioHardwareMSM7X30(  150): updateDeviceInfo: E rx_device 32 and tx_device 13
D/AudioHardwareMSM7X30(  150): No active voicecall/playback, disabling cur_rx 32
D/AudioHardwareMSM7X30(  150): value of device and enable is 32 0
D/AudioHardwareMSM7X30(  150): No active voicecall/recording, disabling cur_tx 13
D/AudioHardwareMSM7X30(  150): value of device and enable is 13 0
D/AudioHardwareMSM7X30(  150): updateDeviceInfo: X cur_rx 32 cur_tx 13
D/kernel  (  142): [34838.717010] [msm7x30.c:msm_device_put] device xloud_speaker_stereo_rx set 0
D/kernel  (  142): [34838.717987] msm_snddev_poweramp_off: power off amplifier
D/kernel  (  142): [34838.720550] [adsp.c:msm_adsp_put] closing module AFETASK
D/kernel  (  142): [34838.720794] [msm7x30.c:msm_device_put] device speaker_mono_tx set 0
D/kernel  (  142): [34838.720886] [audpp.c:audpp_dsp_event] DISABLE
D/kernel  (  142): [34838.720916] [audpp.c:audpp_disable] Received CFG_MSG_DISABLE from ADSP
D/kernel  (  142): [34838.720947] [adsp.c:msm_adsp_disable] disable interrupt
D/kernel  (  142): [34838.720947] [adsp.c:msm_adsp_put] closing module AUDPPTASK
D/SurfaceFlinger(  133): Release buffer at 0x88480
E/ProcessKiller(  129): Process com.beboo.wifibackupandrestore (6715) has open file /mnt/secure/staging/WIFI_Backup_Restore/wpa_supplicant.conf (deleted)
I/Adreno200-EGLSUB(  133): <CreateImage:893>: Android Image
I/Adreno200-EGLSUB(  133): <GetImageAttributes:1102>: RGBA_8888
I/Adreno200-EGLSUB(  133): <CreateImage:893>: Android Image
I/Adreno200-EGLSUB(  133): <GetImageAttributes:1102>: RGBA_8888
W/Vold    (  129): Failed to unmount /mnt/secure/staging (Device or resource busy, retries 7, action 0)
I/ActivityManager(  305): START {act=android.intent.action.MAIN cat=[android.intent.category.HOME] flg=0x10200000 cmp=com.sonyericsson.home/.HomeActivity} from pid 305
D/OpenGLRenderer( 7254): Flushing caches (mode 1)
D/dalvikvm(  524): GC_EXPLICIT freed 161K, 20% free 13554K/16903K, paused 2ms+6ms
I/Adreno200-EGLSUB(  524): <ConfigWindowMatch:2078>: Format RGBA_8888.
I/Adreno200-EGLSUB(  133): <CreateImage:893>: Android Image
I/Adreno200-EGLSUB(  133): <GetImageAttributes:1102>: RGBA_8888
E/ProcessKiller(  129): Process com.beboo.wifibackupandrestore (6715) has open file /mnt/secure/staging/WIFI_Backup_Restore/wpa_supplicant.conf (deleted)
I/Adreno200-EGLSUB(  133): <CreateImage:893>: Android Image
I/Adreno200-EGLSUB(  133): <GetImageAttributes:1102>: RGBA_8888
W/InputManagerService(  305): Starting input on non-focused client com.android.internal.view.IInputMethodClient$Stub$Proxy@2c5f8590 (uid=10089 pid=7254)
D/OpenGLRenderer( 7254): Flushing caches (mode 0)
D/SurfaceFlinger(  133): Release buffer at 0x573f8
W/Vold    (  129): Failed to unmount /mnt/secure/staging (Device or resource busy, retries 6, action 0)
E/ProcessKiller(  129): Process com.beboo.wifibackupandrestore (6715) has open file /mnt/secure/staging/WIFI_Backup_Restore/wpa_supplicant.conf (deleted)
W/Vold    (  129): Failed to unmount /mnt/secure/staging (Device or resource busy, retries 5, action 0)
E/ProcessKiller(  129): Process com.beboo.wifibackupandrestore (6715) has open file /mnt/secure/staging/WIFI_Backup_Restore/wpa_supplicant.conf (deleted)
W/Vold    (  129): Failed to unmount /mnt/secure/staging (Device or resource busy, retries 4, action 0)
E/ProcessKiller(  129): Process com.beboo.wifibackupandrestore (6715) has open file /mnt/secure/staging/WIFI_Backup_Restore/wpa_supplicant.conf (deleted)
W/Vold    (  129): Failed to unmount /mnt/secure/staging (Device or resource busy, retries 3, action 0)
I/ActivityManager(  305): START {act=android.intent.action.MAIN cat=[android.intent.category.HOME] flg=0x10200000 cmp=com.sonyericsson.home/.HomeActivity} from pid 305
I/Adreno200-EGLSUB(  133): <CreateImage:893>: Android Image
I/Adreno200-EGLSUB(  133): <GetImageAttributes:1102>: RGBA_8888
E/ProcessKiller(  129): Process com.beboo.wifibackupandrestore (6715) has open file /mnt/secure/staging/WIFI_Backup_Restore/wpa_supplicant.conf (deleted)
W/kernel  (  142): [34846.157806] select 3721 (s.gesturesearch), adj 10, size 7373, to kill
W/kernel  (  142): [34846.157806] select 6227 (droid.gsf.login), adj 11, size 7546, to kill
W/kernel  (  142): [34846.157836] select 6546 (ogle.android.gm), adj 11, size 12807, to kill
W/kernel  (  142): [34846.157867] select 6576 (d.process.acore), adj 11, size 14924, to kill
W/kernel  (  142): [34846.157867] select 6688 (ricsson.trackid), adj 13, size 8057, to kill
W/kernel  (  142): [34846.157897] send sigkill to 6688 (ricsson.trackid), adj 13, size 8057
I/ActivityManager(  305): Process com.sonyericsson.trackid (pid 6688) has died.
W/kernel  (  142): [34846.362731] select 3721 (s.gesturesearch), adj 10, size 7372, to kill
W/kernel  (  142): [34846.362792] select 6227 (droid.gsf.login), adj 11, size 7545, to kill
W/kernel  (  142): [34846.362854] select 6546 (ogle.android.gm), adj 11, size 12805, to kill
W/kernel  (  142): [34846.362915] select 6576 (d.process.acore), adj 11, size 14921, to kill
W/kernel  (  142): [34846.362945] select 6715 (ackupandrestore), adj 12, size 8639, to kill
W/kernel  (  142): [34846.363006] select 6861 (socialphonebook), adj 12, size 11635, to kill
W/kernel  (  142): [34846.363067] send sigkill to 6861 (socialphonebook), adj 12, size 11635
I/WindowManager(  305): WIN DEATH: Window{2be1e3e8 com.sonyericsson.android.socialphonebook/com.sonyericsson.android.socialphonebook.DialerEntryActivity paused=false}
I/ActivityManager(  305): Process com.sonyericsson.android.socialphonebook (pid 6861) has died.
W/ActivityManager(  305): Scheduling restart of crashed service com.sonyericsson.android.socialphonebook/.smartsearch.SmartSearchCachingService in 5000ms
W/Vold    (  129): Failed to unmount /mnt/secure/staging (Device or resource busy, retries 2, action 1)
E/ProcessKiller(  129): Process com.beboo.wifibackupandrestore (6715) has open file /mnt/secure/staging/WIFI_Backup_Restore/wpa_supplicant.conf (deleted)
W/ProcessKiller(  129): Sending SIGHUP to process 6715
I/WindowManager(  305): WIN DEATH: Window{2be272f0 com.beboo.wifibackupandrestore/com.beboo.wifibackupandrestore.MainActivity paused=false}
I/ActivityManager(  305): Process com.beboo.wifibackupandrestore (pid 6715) has died.
D/Zygote  (  134): Process 6715 terminated by signal (15)
I/WindowManager(  305): WIN DEATH: Window{2be22eb8 com.beboo.wifibackupandrestore/com.beboo.wifibackupandrestore.MainActivity paused=false}
I/AudioHardwareMSM7X30(  150): Routing audio to Speakerphone
I/AudioHardwareMSM7X30(  150): Change routing audio to speaker for xLOUD
D/AudioHardwareMSM7X30(  150): value of device and enable is 32 1
D/kernel  (  142): [34847.327148] [msm7x30.c:msm_device_put] device xloud_speaker_stereo_rx set 1
D/kernel  (  142): [34847.327178] [msm7x30.c:msm_device_put] device freq =48000
D/kernel  (  142): [34847.330841] [adsp.c:msm_adsp_get] module AFETASK has been registered
D/kernel  (  142): [34847.330871] [adsp.c:msm_adsp_enable] enable 'AFETASK'state[0] id[17227119]
D/kernel  (  142): [34847.337249] [adsp.c:adsp_rtos_mtoa_cb] rpc event=0, proc_id=2, module=17227119, image=0
D/kernel  (  142): [34847.337249] [adsp.c:adsp_rtos_mtoa_cb] module AFETASK: READY
D/kernel  (  142): [34847.387817] msm_snddev_poweramp_on: power on amplifier
D/kernel  (  142): [34847.387939] [adsp.c:msm_adsp_get] module AUDPPTASK has been registered
D/kernel  (  142): [34847.387939] [adsp.c:msm_adsp_enable] enable 'AUDPPTASK'state[0] id[17227122]
D/kernel  (  142): [34847.390197] [adsp.c:adsp_rtos_mtoa_cb] rpc event=0, proc_id=2, module=17227122, image=0
D/kernel  (  142): [34847.390197] [adsp.c:adsp_rtos_mtoa_cb] module AUDPPTASK: READY
D/kernel  (  142): [34847.394287] [audpp.c:audpp_dsp_event] ENABLE
D/kernel  (  142): [34847.399871] [adsp.c:msm_adsp_write] AUDPPTASK command took 31 attempts: rc 0
D/dalvikvm(  524): GC_CONCURRENT freed 1464K, 20% free 13552K/16903K, paused 3ms+5ms
I/PackageManager(  305): Updating external media status from unmounted to unmounted
I/Vold    (  129): /mnt/secure/staging sucessfully unmounted
I/Vold    (  129): /mnt/sdcard unmounted sucessfully
D/Vold    (  129): Volume sdcard state changing 5 (Unmounting) -> 1 (Idle-Unmounted)
D/MountService(  305): volume state changed for /mnt/sdcard (mounted -> unmounted)
D/VoldCmdListener(  129): volume share /mnt/sdcard ums
D/Vold    (  129): Volume sdcard state changing 1 (Idle-Unmounted) -> 7 (Shared-Unmounted)
I/StorageNotification(  380): Media {/mnt/sdcard} state changed from {mounted} -> {unmounted}
D/VoldCmdListener(  129): volume shared /mnt/sdcard ums
D/MountService(  305): sendStorageIntent Intent { act=android.intent.action.MEDIA_UNMOUNTED dat=file:///mnt/sdcard (has extras) }
W/MountService(  305): Duplicate state transition (unmounted -> unmounted) for /mnt/sdcard
D/MountService(  305): sendStorageIntent Intent { act=android.intent.action.MEDIA_UNMOUNTED dat=file:///mnt/sdcard (has extras) }
D/MountService(  305): volume state changed for /mnt/sdcard (unmounted -> shared)
I/StorageNotification(  380): Media {/mnt/sdcard} state changed from {unmounted} -> {shared}
W/StorageNotification(  380): Ignoring unknown state {shared}
D/MountService(  305): sendStorageIntent Intent { act=android.intent.action.MEDIA_SHARED dat=file:///mnt/sdcard (has extras) }
D/MediaScannerReceiver( 3614): action: android.intent.action.MEDIA_UNMOUNTED path: /mnt/sdcard
D/MediaScannerReceiver( 3614): action: android.intent.action.MEDIA_UNMOUNTED path: /mnt/sdcard
W/System.err( 7254): pl.solidexplorer.Explorer$ExplorerException: Impossible d'accder  "/mnt/sdcard". Erreur inconnue.
W/System.err( 7254): 	at pl.solidexplorer.util.Exceptions.browseError(Exceptions.java:10)
W/System.err( 7254): 	at pl.solidexplorer.FileExplorer.FileExplorer$BrowseThread.run(FileExplorer.java:150)
D/dalvikvm(  643): GC_CONCURRENT freed 385K, 8% free 9757K/10567K, paused 13ms+2ms
D/dalvikvm(  380): GC_CONCURRENT freed 592K, 47% free 11331K/21255K, paused 4ms+20ms
D/dalvikvm( 7254): GC_CONCURRENT freed 141K, 3% free 10224K/10439K, paused 4ms+5ms
D/dalvikvm( 7206): GC_CONCURRENT freed 139K, 3% free 9544K/9799K, paused 2ms+4ms
D/dalvikvm( 7206): GC_CONCURRENT freed 155K, 3% free 9835K/10119K, paused 2ms+2ms
D/AudioHardwareMSM7X30(  150): AudioStreamOutMSM72xx::standby()
D/AudioHardwareMSM7X30(  150): updateDeviceInfo: E rx_device 32 and tx_device 13
D/AudioHardwareMSM7X30(  150): No active voicecall/playback, disabling cur_rx 32
D/AudioHardwareMSM7X30(  150): value of device and enable is 32 0
D/AudioHardwareMSM7X30(  150): No active voicecall/recording, disabling cur_tx 13
D/AudioHardwareMSM7X30(  150): value of device and enable is 13 0
D/AudioHardwareMSM7X30(  150): updateDeviceInfo: X cur_rx 32 cur_tx 13
D/kernel  (  142): [34850.429290] [msm7x30.c:msm_device_put] device xloud_speaker_stereo_rx set 0
D/kernel  (  142): [34850.431732] msm_snddev_poweramp_off: power off amplifier
D/kernel  (  142): [34850.434844] [adsp.c:msm_adsp_put] closing module AFETASK
D/kernel  (  142): [34850.435485] [msm7x30.c:msm_device_put] device speaker_mono_tx set 0
D/kernel  (  142): [34850.435791] [audpp.c:audpp_dsp_event] DISABLE
D/kernel  (  142): [34850.435852] [audpp.c:audpp_disable] Received CFG_MSG_DISABLE from ADSP
D/kernel  (  142): [34850.435913] [adsp.c:msm_adsp_disable] disable interrupt
D/kernel  (  142): [34850.435943] [adsp.c:msm_adsp_put] closing module AUDPPTASK
D/dalvikvm( 7206): GC_CONCURRENT freed 724K, 9% free 9524K/10375K, paused 3ms+2ms
I/ActivityManager(  305): Start proc com.sonyericsson.android.socialphonebook for service com.sonyericsson.android.socialphonebook/.smartsearch.SmartSearchCachingService: pid=7285 uid=10017 gids={3003, 1015}
I/ActivityThread( 7285): Pub com.sonyericsson.android.smartsearch: com.sonyericsson.android.smartsearch.provider.SmartSearchProvider
W/socialphonebook( 7285): SettingsParser: text is nothing.
D/CustomizationProvider(  512): openFile -- START uri=content://com.sonyericsson.provider.customization/settings/com.sonyericsson.android.socialphonebook
I/CustomizationProvider(  512): No configuration file: /system/etc/customization/settings/com/sonyericsson/android/socialphonebook/custom_settings.xml
W/socialphonebook( 7285): SettingsParser: No customization file exists.
E/socialphonebook( 7285): SettingsParser: key not found. key=[account-types]
D/AccountTypeManager( 7285): Registering external account type=com.sonyericsson.facebook.account, packageName=com.sonyericsson.facebook.proxylogin
D/AccountTypeManager( 7285): Registering 1 extension packages
D/dalvikvm( 7285): GC_CONCURRENT freed 195K, 3% free 9163K/9415K, paused 2ms+3ms
I/AccountTypeManager( 7285): Loaded meta-data for 5 account types, 2 accounts in 102ms(wall) 18ms(cpu)
D/dalvikvm( 6576): GC_CONCURRENT freed 408K, 6% free 9760K/10375K, paused 2ms+5ms
D/Volley  ( 7206): [625] BasicNetwork.logSlowRequests: HTTP response for request=<[ ] https://android.clients.google.com/vending/api/ApiRequest NORMAL 1 ContentSyncRequestProto> [lifetime=3554], [size=36], [rc=200], [retryCount=0]
D/Volley  ( 7206): [1] Request.finish: 3578 ms: [ ] https://android.clients.google.com/vending/api/ApiRequest NORMAL 1 ContentSyncRequestProto
D/Finsky  ( 7206): [1] 5.onFinished: Installation state replication succeeded.
D/lights  (  305): set_light_buttons: brightness=0
I/AudioHardwareMSM7X30(  150): Routing audio to Speakerphone
I/AudioHardwareMSM7X30(  150): Change routing audio to speaker for xLOUD
D/AudioHardwareMSM7X30(  150): value of device and enable is 32 1
I/ActivityManager(  305): START {act=android.intent.action.MAIN cat=[android.intent.category.LAUNCHER] flg=0x10200000 cmp=com.beboo.wifibackupandrestore/.MainActivity bnds=[240,681][353,813]} from pid 524
D/kernel  (  142): [34864.880554] [msm7x30.c:msm_device_put] device xloud_speaker_stereo_rx set 1
D/kernel  (  142): [34864.880554] [msm7x30.c:msm_device_put] device freq =48000
D/kernel  (  142): [34864.885925] [adsp.c:msm_adsp_get] module AFETASK has been registered
D/kernel  (  142): [34864.885955] [adsp.c:msm_adsp_enable] enable 'AFETASK'state[0] id[17227119]
D/kernel  (  142): [34864.892883] [adsp.c:adsp_rtos_mtoa_cb] rpc event=0, proc_id=2, module=17227119, image=0
D/kernel  (  142): [34864.892883] [adsp.c:adsp_rtos_mtoa_cb] module AFETASK: READY
D/kernel  (  142): [34864.946990] msm_snddev_poweramp_on: power on amplifier
D/kernel  (  142): [34864.947052] [adsp.c:msm_adsp_get] module AUDPPTASK has been registered
D/kernel  (  142): [34864.947082] [adsp.c:msm_adsp_enable] enable 'AUDPPTASK'state[0] id[17227122]
D/kernel  (  142): [34864.948303] [adsp.c:adsp_rtos_mtoa_cb] rpc event=0, proc_id=2, module=17227122, image=0
D/kernel  (  142): [34864.948333] [adsp.c:adsp_rtos_mtoa_cb] module AUDPPTASK: READY
D/kernel  (  142): [34864.952392] [audpp.c:audpp_dsp_event] ENABLE
D/kernel  (  142): [34864.956817] [adsp.c:msm_adsp_write] AUDPPTASK command took 58 attempts: rc 0
I/ActivityManager(  305): Start proc com.beboo.wifibackupandrestore for activity com.beboo.wifibackupandrestore/.MainActivity: pid=7311 uid=10104 gids={1015}
I/Adreno200-EGLSUB(  133): <CreateImage:893>: Android Image
I/Adreno200-EGLSUB(  133): <GetImageAttributes:1102>: RGBA_8888
D/OpenGLRenderer(  524): Flushing caches (mode 0)
I/WBR     ( 7311): enter initenv()
I/WBR     ( 7311): setting backup dir /mnt/sdcard/WIFI_Backup_Restore
E/WBR     ( 7311): /mnt/sdcard/WIFI_Backup_Restore folder creation failed
I/WBR     ( 7311): setting backup dir done 
I/WBR     ( 7311): setting backup histo dir
E/WBR     ( 7311): /mnt/sdcard/WIFI_Backup_Restore/history folder creation failed
I/WBR     ( 7311): setting backup histo dir
D/WBR     ( 7311): initialisation of  backuped networks activity
D/TextLayoutCache( 7311): Using debug level: 0 - Debug Enabled: 0
I/WBR     ( 7311): searching wifi configuration file
I/WBR     ( 7311): trying to get superuser perm
D/libEGL  ( 7311): loaded /system/lib/egl/libEGL_adreno200.so
D/libEGL  ( 7311): loaded /system/lib/egl/libGLESv1_CM_adreno200.so
D/libEGL  ( 7311): loaded /system/lib/egl/libGLESv2_adreno200.so
I/WBR     ( 7311): su done
I/WBR     ( 7311): copying wpa conf file :: cp /data/misc/wifi/wpa_supplicant.conf  /mnt/sdcard/WIFI_Backup_Restore/wpa_supplicant.conf
I/WBR     ( 7311): copying bcm conf file :: cp /data/misc/wifi/bcm_supp.conf  /mnt/sdcard/WIFI_Backup_Restore/bcm_supp.conf
I/Adreno200-EGLSUB( 7311): <ConfigWindowMatch:2078>: Format RGBA_8888.
D/OpenGLRenderer( 7311): Enabling debug mode 0
D/SurfaceFlinger(  133): Release buffer at 0x88480
I/Adreno200-EGLSUB( 7311): <ConfigWindowMatch:2078>: Format RGBA_8888.
I/Adreno200-EGLSUB(  133): <CreateImage:893>: Android Image
I/Adreno200-EGLSUB(  133): <GetImageAttributes:1102>: RGBA_8888
I/ActivityManager(  305): Displayed com.beboo.wifibackupandrestore/.MainActivity: +778ms
I/Adreno200-EGLSUB(  133): <CreateImage:893>: Android Image
I/Adreno200-EGLSUB(  133): <GetImageAttributes:1102>: RGBA_8888
I/Adreno200-EGLSUB(  133): <CreateImage:893>: Android Image
I/Adreno200-EGLSUB(  133): <GetImageAttributes:1102>: RGBA_8888
I/Adreno200-EGLSUB(  133): <CreateImage:893>: Android Image
I/Adreno200-EGLSUB(  133): <GetImageAttributes:1102>: RGBA_8888
E/su      ( 7325): sudb - Opening database
E/su      ( 7325): sudb - Database opened
E/su      ( 7325): sudb - Database closed
D/su      ( 7325): 10104 com.beboo.wifibackupandrestore executing 0 /system/bin/sh using shell /system/bin/sh : sh
I/ActivityManager(  305): Start proc com.noshufou.android.su for broadcast com.noshufou.android.su/.SuResultReceiver: pid=7328 uid=10020 gids={3003, 1015}
I/dalvikvm( 7328): Turning on JNI app bug workarounds for target SDK version 11...
D/dalvikvm(  134): GC_EXPLICIT freed 36K, 4% free 8840K/9155K, paused 5ms+11ms
D/SurfaceFlinger(  133): Release buffer at 0x99628
D/dalvikvm(  134): GC_EXPLICIT freed <1K, 4% free 8840K/9155K, paused 2ms+2ms
I/ActivityThread( 7328): Pub com.noshufou.android.su.provider: com.noshufou.android.su.provider.PermissionsProvider
D/dalvikvm(  134): GC_EXPLICIT freed <1K, 4% free 8840K/9155K, paused 2ms+2ms
D/dalvikvm(  305): GC_EXPLICIT freed 861K, 29% free 16424K/22919K, paused 3ms+14ms
D/TextLayoutCache( 7328): Using debug level: 0 - Debug Enabled: 0
I/Adreno200-EGLSUB(  133): <CreateImage:893>: Android Image
I/Adreno200-EGLSUB(  133): <GetImageAttributes:1102>: RGBA_8888
I/Adreno200-EGLSUB(  133): <CreateImage:893>: Android Image
I/Adreno200-EGLSUB(  133): <GetImageAttributes:1102>: RGBA_8888
I/Adreno200-EGLSUB(  133): <CreateImage:893>: Android Image
I/Adreno200-EGLSUB(  133): <GetImageAttributes:1102>: RGBA_8888
D/AudioHardwareMSM7X30(  150): AudioStreamOutMSM72xx::standby()
D/AudioHardwareMSM7X30(  150): updateDeviceInfo: E rx_device 32 and tx_device 13
D/AudioHardwareMSM7X30(  150): No active voicecall/playback, disabling cur_rx 32
D/AudioHardwareMSM7X30(  150): value of device and enable is 32 0
D/AudioHardwareMSM7X30(  150): No active voicecall/recording, disabling cur_tx 13
D/AudioHardwareMSM7X30(  150): value of device and enable is 13 0
D/AudioHardwareMSM7X30(  150): updateDeviceInfo: X cur_rx 32 cur_tx 13
D/kernel  (  142): [34867.988677] [msm7x30.c:msm_device_put] device xloud_speaker_stereo_rx set 0
D/kernel  (  142): [34867.989593] msm_snddev_poweramp_off: power off amplifier
D/kernel  (  142): [34867.992156] [adsp.c:msm_adsp_put] closing module AFETASK
D/kernel  (  142): [34867.992431] [msm7x30.c:msm_device_put] device speaker_mono_tx set 0
D/kernel  (  142): [34867.992523] [audpp.c:audpp_dsp_event] DISABLE
D/kernel  (  142): [34867.992553] [audpp.c:audpp_disable] Received CFG_MSG_DISABLE from ADSP
D/kernel  (  142): [34867.992553] [adsp.c:msm_adsp_disable] disable interrupt
D/kernel  (  142): [34867.992584] [adsp.c:msm_adsp_put] closing module AUDPPTASK
I/WBR     ( 7311): conf files copy done
I/WBR     ( 7311): wpa file does not exists
I/WBR     ( 7311): bcm file does not exists
E/WBR     ( 7311): failed to get superuser perm :: null
W/System.err( 7311): java.io.FileNotFoundException: /mnt/sdcard/WIFI_Backup_Restore/wifi.conf: open failed: EACCES (Permission denied)
W/System.err( 7311): 	at libcore.io.IoBridge.open(IoBridge.java:419)
W/System.err( 7311): 	at java.io.FileInputStream.<init>(FileInputStream.java:78)
W/System.err( 7311): 	at java.io.FileInputStream.<init>(FileInputStream.java:105)
W/System.err( 7311): 	at java.io.FileReader.<init>(FileReader.java:66)
W/System.err( 7311): 	at com.beboo.wifibackupandrestore.backupmanagement.ConfReader.getNetworks(ConfReader.java:50)
W/System.err( 7311): 	at com.beboo.wifibackupandrestore.backupmanagement.WIFIConfigurationManager.loadBackuped(WIFIConfigurationManager.java:262)
W/System.err( 7311): 	at com.beboo.wifibackupandrestore.backupmanagement.WIFIConfigurationManager.initContent(WIFIConfigurationManager.java:128)
W/System.err( 7311): 	at com.beboo.wifibackupandrestore.backupmanagement.WIFIConfigurationManager.init(WIFIConfigurationManager.java:149)
W/System.err( 7311): 	at com.beboo.wifibackupandrestore.InitializerTask.doInBackground(InitializerTask.java:21)
W/System.err( 7311): 	at com.beboo.wifibackupandrestore.InitializerTask.doInBackground(InitializerTask.java:9)
W/System.err( 7311): 	at android.os.AsyncTask$2.call(AsyncTask.java:264)
W/System.err( 7311): 	at java.util.concurrent.FutureTask$Sync.innerRun(FutureTask.java:305)
W/System.err( 7311): 	at java.util.concurrent.FutureTask.run(FutureTask.java:137)
W/System.err( 7311): 	at android.os.AsyncTask$SerialExecutor$1.run(AsyncTask.java:208)
W/System.err( 7311): 	at java.util.concurrent.ThreadPoolExecutor.runWorker(ThreadPoolExecutor.java:1076)
W/System.err( 7311): 	at java.util.concurrent.ThreadPoolExecutor$Worker.run(ThreadPoolExecutor.java:569)
W/System.err( 7311): 	at java.lang.Thread.run(Thread.java:856)
W/System.err( 7311): Caused by: libcore.io.ErrnoException: open failed: EACCES (Permission denied)
W/System.err( 7311): 	at libcore.io.Posix.open(Native Method)
W/System.err( 7311): 	at libcore.io.BlockGuardOs.open(BlockGuardOs.java:110)
W/System.err( 7311): 	at libcore.io.IoBridge.open(IoBridge.java:403)
W/System.err( 7311): 	... 16 more
D/WBR     ( 7311): reading file null
W/kernel  (  142): [34868.842803] select 3721 (s.gesturesearch), adj 10, size 7302, to kill
W/kernel  (  142): [34868.842834] select 6546 (ogle.android.gm), adj 11, size 12387, to kill
W/kernel  (  142): [34868.842864] select 6878 (der.voipcalllog), adj 12, size 7266, to kill
W/kernel  (  142): [34868.842864] select 6905 (d.process.acore), adj 12, size 7296, to kill
W/kernel  (  142): [34868.842895] send sigkill to 6905 (d.process.acore), adj 12, size 7296
I/ActivityManager(  305): Process android.process.acore (pid 6905) has died.
W/dalvikvm( 7311): threadid=10: thread exiting with uncaught exception (group=0x2b542210)
E/AndroidRuntime( 7311): FATAL EXCEPTION: AsyncTask #1
E/AndroidRuntime( 7311): java.lang.RuntimeException: An error occured while executing doInBackground()
E/AndroidRuntime( 7311): 	at android.os.AsyncTask$3.done(AsyncTask.java:278)
E/AndroidRuntime( 7311): 	at java.util.concurrent.FutureTask$Sync.innerSetException(FutureTask.java:273)
E/AndroidRuntime( 7311): 	at java.util.concurrent.FutureTask.setException(FutureTask.java:124)
E/AndroidRuntime( 7311): 	at java.util.concurrent.FutureTask$Sync.innerRun(FutureTask.java:307)
E/AndroidRuntime( 7311): 	at java.util.concurrent.FutureTask.run(FutureTask.java:137)
E/AndroidRuntime( 7311): 	at android.os.AsyncTask$SerialExecutor$1.run(AsyncTask.java:208)
E/AndroidRuntime( 7311): 	at java.util.concurrent.ThreadPoolExecutor.runWorker(ThreadPoolExecutor.java:1076)
E/AndroidRuntime( 7311): 	at java.util.concurrent.ThreadPoolExecutor$Worker.run(ThreadPoolExecutor.java:569)
E/AndroidRuntime( 7311): 	at java.lang.Thread.run(Thread.java:856)
E/AndroidRuntime( 7311): Caused by: java.lang.NullPointerException
E/AndroidRuntime( 7311): 	at java.io.File.fixSlashes(File.java:185)
E/AndroidRuntime( 7311): 	at java.io.File.<init>(File.java:134)
E/AndroidRuntime( 7311): 	at com.beboo.wifibackupandrestore.backupmanagement.WIFIConfigurationManager.loadConfigured(WIFIConfigurationManager.java:287)
E/AndroidRuntime( 7311): 	at com.beboo.wifibackupandrestore.backupmanagement.WIFIConfigurationManager.initContent(WIFIConfigurationManager.java:129)
E/AndroidRuntime( 7311): 	at com.beboo.wifibackupandrestore.backupmanagement.WIFIConfigurationManager.init(WIFIConfigurationManager.java:149)
E/AndroidRuntime( 7311): 	at com.beboo.wifibackupandrestore.InitializerTask.doInBackground(InitializerTask.java:21)
E/AndroidRuntime( 7311): 	at com.beboo.wifibackupandrestore.InitializerTask.doInBackground(InitializerTask.java:9)
E/AndroidRuntime( 7311): 	at android.os.AsyncTask$2.call(AsyncTask.java:264)
E/AndroidRuntime( 7311): 	at java.util.concurrent.FutureTask$Sync.innerRun(FutureTask.java:305)
E/AndroidRuntime( 7311): 	... 5 more
D/dalvikvm( 7311): GC_CONCURRENT freed 239K, 4% free 9049K/9415K, paused 2ms+2ms
W/ActivityManager(  305):   Force finishing activity com.beboo.wifibackupandrestore/.MainActivity
D/OpenGLRenderer( 7311): Flushing caches (mode 1)
I/Adreno200-EGLSUB(  524): <ConfigWindowMatch:2078>: Format RGBA_8888.
D/SurfaceFlinger(  133): Release buffer at 0x99628
I/Adreno200-EGLSUB(  133): <CreateImage:893>: Android Image
I/Adreno200-EGLSUB(  133): <GetImageAttributes:1102>: RGBA_8888
D/OpenGLRenderer( 7311): Flushing caches (mode 0)
I/Adreno200-EGLSUB(  133): <CreateImage:893>: Android Image
I/Adreno200-EGLSUB(  133): <GetImageAttributes:1102>: RGBA_8888
D/OpenGLRenderer( 7311): Flushing caches (mode 0)
E/WindowManager( 7311): Activity com.beboo.wifibackupandrestore.MainActivity has leaked window com.android.internal.policy.impl.PhoneWindow$DecorView@2be24920 that was originally added here
E/WindowManager( 7311): android.view.WindowLeaked: Activity com.beboo.wifibackupandrestore.MainActivity has leaked window com.android.internal.policy.impl.PhoneWindow$DecorView@2be24920 that was originally added here
E/WindowManager( 7311): 	at android.view.ViewRootImpl.<init>(ViewRootImpl.java:344)
E/WindowManager( 7311): 	at android.view.WindowManagerImpl.addView(WindowManagerImpl.java:267)
E/WindowManager( 7311): 	at android.view.WindowManagerImpl.addView(WindowManagerImpl.java:215)
E/WindowManager( 7311): 	at android.view.WindowManagerImpl$CompatModeWrapper.addView(WindowManagerImpl.java:140)
E/WindowManager( 7311): 	at android.view.Window$LocalWindowManager.addView(Window.java:537)
E/WindowManager( 7311): 	at android.app.Dialog.show(Dialog.java:278)
E/WindowManager( 7311): 	at com.beboo.wifibackupandrestore.InitializerTask.onPreExecute(InitializerTask.java:33)
E/WindowManager( 7311): 	at android.os.AsyncTask.executeOnExecutor(AsyncTask.java:561)
E/WindowManager( 7311): 	at android.os.AsyncTask.execute(AsyncTask.java:511)
E/WindowManager( 7311): 	at com.beboo.wifibackupandrestore.MainActivity.initEnv(MainActivity.java:82)
E/WindowManager( 7311): 	at com.beboo.wifibackupandrestore.MainActivity.onCreate(MainActivity.java:36)
E/WindowManager( 7311): 	at android.app.Activity.performCreate(Activity.java:4465)
E/WindowManager( 7311): 	at android.app.Instrumentation.callActivityOnCreate(Instrumentation.java:1049)
E/WindowManager( 7311): 	at android.app.ActivityThread.performLaunchActivity(ActivityThread.java:1931)
E/WindowManager( 7311): 	at android.app.ActivityThread.handleLaunchActivity(ActivityThread.java:1992)
E/WindowManager( 7311): 	at android.app.ActivityThread.access$600(ActivityThread.java:127)
E/WindowManager( 7311): 	at android.app.ActivityThread$H.handleMessage(ActivityThread.java:1158)
E/WindowManager( 7311): 	at android.os.Handler.dispatchMessage(Handler.java:99)
E/WindowManager( 7311): 	at android.os.Looper.loop(Looper.java:137)
E/WindowManager( 7311): 	at android.app.ActivityThread.main(ActivityThread.java:4441)
E/WindowManager( 7311): 	at java.lang.reflect.Method.invokeNative(Native Method)
E/WindowManager( 7311): 	at java.lang.reflect.Method.invoke(Method.java:511)
E/WindowManager( 7311): 	at com.android.internal.os.ZygoteInit$MethodAndArgsCaller.run(ZygoteInit.java:784)
E/WindowManager( 7311): 	at com.android.internal.os.ZygoteInit.main(ZygoteInit.java:551)
E/WindowManager( 7311): 	at dalvik.system.NativeStart.main(Native Method)
D/SurfaceFlinger(  133): Release buffer at 0x88480
I/Adreno200-EGLSUB(  133): <CreateImage:893>: Android Image
I/Adreno200-EGLSUB(  133): <GetImageAttributes:1102>: RGBA_8888
D/SurfaceFlinger(  133): Release buffer at 0x7b720
I/AudioHardwareMSM7X30(  150): Routing audio to Speakerphone
I/AudioHardwareMSM7X30(  150): Change routing audio to speaker for xLOUD
I/Process ( 7311): Sending signal. PID: 7311 SIG: 9
D/AudioHardwareMSM7X30(  150): value of device and enable is 32 1
D/kernel  (  142): [34876.661621] [msm7x30.c:msm_device_put] device xloud_speaker_stereo_rx set 1
D/kernel  (  142): [34876.661651] [msm7x30.c:msm_device_put] device freq =48000
D/kernel  (  142): [34876.666015] [adsp.c:msm_adsp_get] module AFETASK has been registered
W/InputManagerService(  305): Window already focused, ignoring focus gain of: com.android.internal.view.IInputMethodClient$Stub$Proxy@2c1cfeb0
D/kernel  (  142): [34876.667083] [adsp.c:msm_adsp_enable] enable 'AFETASK'state[0] id[17227119]
D/kernel  (  142): [34876.675720] [adsp.c:adsp_rtos_mtoa_cb] rpc event=0, proc_id=2, module=17227119, image=0
D/kernel  (  142): [34876.675750] [adsp.c:adsp_rtos_mtoa_cb] module AFETASK: READY
I/ActivityManager(  305): Process com.beboo.wifibackupandrestore (pid 7311) has died.
D/kernel  (  142): [34876.736999] msm_snddev_poweramp_on: power on amplifier
D/kernel  (  142): [34876.738098] [adsp.c:msm_adsp_get] module AUDPPTASK has been registered
D/kernel  (  142): [34876.738128] [adsp.c:msm_adsp_enable] enable 'AUDPPTASK'state[0] id[17227122]
D/kernel  (  142): [34876.739715] [adsp.c:adsp_rtos_mtoa_cb] rpc event=0, proc_id=2, module=17227122, image=0
D/kernel  (  142): [34876.739715] [adsp.c:adsp_rtos_mtoa_cb] module AUDPPTASK: READY
D/kernel  (  142): [34876.743804] [audpp.c:audpp_dsp_event] ENABLE
D/kernel  (  142): [34876.752716] [adsp.c:msm_adsp_write] AUDPPTASK command took 40 attempts: rc 0
D/SurfaceFlinger(  133): Release buffer at 0x7d840
D/AudioHardwareMSM7X30(  150): AudioStreamOutMSM72xx::standby()
D/AudioHardwareMSM7X30(  150): updateDeviceInfo: E rx_device 32 and tx_device 13
D/AudioHardwareMSM7X30(  150): No active voicecall/playback, disabling cur_rx 32
D/AudioHardwareMSM7X30(  150): value of device and enable is 32 0
D/AudioHardwareMSM7X30(  150): No active voicecall/recording, disabling cur_tx 13
D/AudioHardwareMSM7X30(  150): value of device and enable is 13 0
D/AudioHardwareMSM7X30(  150): updateDeviceInfo: X cur_rx 32 cur_tx 13
D/kernel  (  142): [34879.778778] [msm7x30.c:msm_device_put] device xloud_speaker_stereo_rx set 0
D/kernel  (  142): [34879.780456] msm_snddev_poweramp_off: power off amplifier
D/kernel  (  142): [34879.783691] [adsp.c:msm_adsp_put] closing module AFETASK
D/kernel  (  142): [34879.784301] [msm7x30.c:msm_device_put] device speaker_mono_tx set 0
D/kernel  (  142): [34879.784484] [audpp.c:audpp_dsp_event] DISABLE
D/kernel  (  142): [34879.784576] [audpp.c:audpp_disable] Received CFG_MSG_DISABLE from ADSP
D/kernel  (  142): [34879.784637] [adsp.c:msm_adsp_disable] disable interrupt
D/kernel  (  142): [34879.784667] [adsp.c:msm_adsp_put] closing module AUDPPTASK
D/lights  (  305): set_light_backlight: brightness=121
D/lights  (  305): set_light_backlight: brightness=115
D/lights  (  305): set_light_backlight: brightness=109
D/lights  (  305): set_light_backlight: brightness=103
D/lights  (  305): set_light_backlight: brightness=97
D/lights  (  305): set_light_backlight: brightness=91
D/lights  (  305): set_light_backlight: brightness=85
D/lights  (  305): set_light_backlight: brightness=79
D/lights  (  305): set_light_backlight: brightness=73
D/lights  (  305): set_light_backlight: brightness=67
D/lights  (  305): set_light_backlight: brightness=61
D/lights  (  305): set_light_backlight: brightness=55
D/lights  (  305): set_light_backlight: brightness=49
D/lights  (  305): set_light_backlight: brightness=43
D/lights  (  305): set_light_backlight: brightness=37
D/lights  (  305): set_light_backlight: brightness=31
D/lights  (  305): set_light_backlight: brightness=25
D/lights  (  305): set_light_backlight: brightness=20
I/ActivityManager(  305): Start proc com.sonyericsson.trackid for broadcast com.sonyericsson.trackid/.widget.TrackIdWidgetProvider: pid=7349 uid=10090 gids={3003, 1015}
I/ActivityThread( 7349): Pub com.sonyericsson.trackid.internal.History: com.sonyericsson.trackid.model.android.provider.HistoryProviderInternal
I/ActivityThread( 7349): Pub com.sonyericsson.trackid.History: com.sonyericsson.trackid.model.android.provider.HistoryProvider
I/ActivityThread( 7349): Pub com.sonyericsson.trackid.Stores: com.sonyericsson.trackid.model.android.provider.StoreProvider
D/dalvikvm( 7349): GC_CONCURRENT freed 205K, 4% free 9120K/9415K, paused 2ms+2ms
D/dalvikvm( 7349): GC_CONCURRENT freed 250K, 4% free 9345K/9671K, paused 1ms+2ms
D/dalvikvm( 7349): GC_CONCURRENT freed 336K, 5% free 9434K/9863K, paused 2ms+2ms
D/dalvikvm( 7349): GC_FOR_ALLOC freed 28K, 4% free 9470K/9863K, paused 18ms
I/dalvikvm-heap( 7349): Grow heap (frag case) to 9.507MB for 200716-byte allocation
D/dalvikvm( 7349): GC_FOR_ALLOC freed 6K, 5% free 9660K/10119K, paused 19ms
D/dalvikvm( 7349): GC_FOR_ALLOC freed 52K, 5% free 9677K/10119K, paused 25ms
I/dalvikvm-heap( 7349): Grow heap (frag case) to 9.709MB for 200716-byte allocation
D/dalvikvm( 7349): GC_FOR_ALLOC freed 5K, 5% free 9868K/10375K, paused 23ms
D/dalvikvm( 7349): GC_FOR_ALLOC freed <1K, 5% free 9868K/10375K, paused 22ms
I/dalvikvm-heap( 7349): Grow heap (frag case) to 9.943MB for 250216-byte allocation
D/dalvikvm( 7349): GC_FOR_ALLOC freed 40K, 6% free 10071K/10631K, paused 25ms
D/dalvikvm( 7349): GC_FOR_ALLOC freed 453K, 10% free 9674K/10631K, paused 19ms
D/dalvikvm( 7349): GC_CONCURRENT freed 6K, 5% free 10112K/10631K, paused 2ms+2ms
D/lights  (  305): set_light_backlight: brightness=0
I/power   (  305): *** set_screen_state 0
D/kernel  (  142): [34906.839782] request_suspend_state: sleep (0->3) at 34904893743824 (2012-11-16 12:51:57.798492447 UTC)
D/kernel  (  142): [34906.840209] as3676 0-0040: as3676_early_suspend
D/lights  (  305): set_light_notifications: color=0x00000000, mode=1
E/NotificationService(  305): Ignoring notification with icon==0: Notification(contentView=null vibrate=null,sound=null,defaults=0x0,flags=0x1)
D/DASH - select(  305): sensors_select_callback: select canceled by request
W/hdmidisplay(  305): Java_com_sonyericsson_hdmi_controlservice_HDMIDisplay_JNISetActionSafe!
W/hdmidisplay(  305): [HDMI] JNISetActionSafe() : 50
W/hdmidisplay(  305): Java_com_sonyericsson_hdmi_controlservice_HDMIDisplay_JNISetHDMIOutput!
W/hdmidisplay(  305): [HDMI] JNISetHDMIOutput() : CMD_HDMI_DTV_OFF
D/kernel  (  142): [34906.967590] mdp4_dtv_on: <ID=0 1280x720 (110,40,220), (5,5,20) 74MHz>
D/kernel  (  142): [34907.106140] mdp4_dtv_off
W/hdmidisplay(  305): Java_com_sonyericsson_hdmi_controlservice_HDMIDisplay_JNISetHDMIOutput!
W/hdmidisplay(  305): [HDMI] JNISetHDMIOutput() : CMD_HDMI_POWER_OFF
D/SurfaceFlinger(  133): About to give-up screen, flinger = 0xfc48
D/kernel  (  142): [34907.726135] active wake lock bq24185_watchdog_lock
D/kernel  (  142): [34907.726196] active wake lock usb_bus_active
D/kernel  (  142): [34907.726226] active wake lock msm_otg
D/kernel  (  142): [34907.726257] wake lock DATA5, expired
I/FastDormancyManager(  305): Fast Dormant executed. ExecuteCount:129 NonExecuteCount:2215
V/TransportControlView(  305): Create TCV com.android.internal.widget.TransportControlView@2c6a2db0
D/dalvikvm(  305): GC_CONCURRENT freed 1383K, 27% free 16888K/22919K, paused 4ms+8ms
D/PhoneStatusBar(  380): disable: < expand icons alerts ticker system_info back home RECENT* clock >
W/IInputConnectionWrapper(  305): showStatusIcon on inactive InputConnection
D/PhoneStatusBar(  380): disable: < expand icons alerts ticker system_info BACK* HOME* RECENT CLOCK* >
I/Adreno200-EGLSUB(  133): <CreateImage:893>: Android Image
I/Adreno200-EGLSUB(  133): <GetImageAttributes:1102>: RGBA_8888
I/Adreno200-EGLSUB(  133): <CreateImage:893>: Android Image
I/Adreno200-EGLSUB(  133): <GetImageAttributes:1102>: RGBA_8888
D/kernel  (  142): [34929.103027] bq27520 0-0055: bq27520_handle_soc_worker() capacity=95 (95) flags=0x128 ctrl_status=0x28b soh_state=0x3, valid=1
D/kernel  (  142): [34936.959716] device rmnet0 left promiscuous mode
D/kernel  (  142): [34936.959777] device rmnet0 entered promiscuous mode
I/FastDormancyManager(  305): Fast Dormant executed. ExecuteCount:130 NonExecuteCount:2217
D/kernel  (  142): [34961.210998] device rmnet0 left promiscuous mode
D/kernel  (  142): [34961.211151] device rmnet0 entered promiscuous mode
I/Gmail   ( 6546): MainSyncRequestProto: lowestBkwdConvoId: 0, highestHandledServerOp: 1667419, normalSync: true
D/dalvikvm( 6546): GC_CONCURRENT freed 443K, 23% free 10306K/13319K, paused 4ms+5ms
D/dalvikvm( 6546): GC_EXPLICIT freed 156K, 24% free 10218K/13319K, paused 2ms+3ms
I/Gmail   ( 6546): MainSyncRequestProto: lowestBkwdConvoId: 0, highestHandledServerOp: 1667473, normalSync: true
D/dalvikvm( 6546): GC_EXPLICIT freed 198K, 24% free 10239K/13319K, paused 3ms+4ms
I/Gmail   ( 6546): MainSyncRequestProto: lowestBkwdConvoId: 0, highestHandledServerOp: 1667473, normalSync: true
I/Gmail   ( 6546): lowestBackward conversation id 0
W/Gmail   ( 6546): Scheduling index for 300000 ms from now
I/Gmail   ( 6546): Sending notification intent: Intent { act=android.intent.action.PROVIDER_CHANGED dat=content://gmail-ls/unread/^i (has extras) }
E/NotificationService(  305): Ignoring notification with icon==0: Notification(contentView=null vibrate=[0,100],sound=null,defaults=0x0,flags=0x0)
D/lights  (  305): set_light_notifications: color=0xff00ff00, mode=1
E/NotificationService(  305): Ignoring notification with icon==0: Notification(contentView=null vibrate=null,sound=null,defaults=0x0,flags=0x1)
E/NotificationService(  305): Ignoring notification with icon==0: Notification(contentView=null vibrate=null,sound=null,defaults=0x0,flags=0x1)
I/Gmail   ( 6546): Sending notification intent: Intent { act=android.intent.action.PROVIDER_CHANGED dat=content://gmail-ls/unread/^iim (has extras) }
W/Gmail   ( 6546): Showing notification with unreadCount of 1 and unseenCount of 1
D/dalvikvm(  643): GC_CONCURRENT freed 385K, 8% free 9759K/10567K, paused 2ms+3ms
E/NotificationService(  305): Ignoring notification with icon==0: Notification(contentView=null vibrate=null,sound=null,defaults=0x0,flags=0x1)
D/lights  (  305): set_light_attention: color=0x00ffffff, mode=2
D/lights  (  305): set_light_attention: color=0x00000000, mode=0
D/lights  (  305): update_flash_state: stopping flash
E/CMarlinMediator(  135): Error : MarlinMediator Failed to get TrustedTime
E/CMarlinMediator(  135): Error : MarlinMediator Failed to get TrustedTime
D/dalvikvm(  380): GC_FOR_ALLOC freed 510K, 46% free 11512K/21255K, paused 40ms
I/AudioService(  305):  AudioFocus  requestAudioFocus() from android.media.AudioManager@2c050430
I/AudioHardwareMSM7X30(  150): Routing audio to Speakerphone
I/AudioHardwareMSM7X30(  150): Change routing audio to speaker for xLOUD
D/AudioHardwareMSM7X30(  150): value of device and enable is 32 1
D/kernel  (  142): [34963.427154] [msm7x30.c:msm_device_put] device xloud_speaker_stereo_rx set 1
D/kernel  (  142): [34963.427185] [msm7x30.c:msm_device_put] device freq =48000
D/kernel  (  142): [34963.432037] [adsp.c:msm_adsp_get] module AFETASK has been registered
D/kernel  (  142): [34963.432067] [adsp.c:msm_adsp_enable] enable 'AFETASK'state[0] id[17227119]
D/kernel  (  142): [34963.437896] [adsp.c:adsp_rtos_mtoa_cb] rpc event=0, proc_id=2, module=17227119, image=0
